Found 8155 A-Level PDFs to upload to archive.org/student-archive-alevels-pastpapers
(Filtered from 16630 total PDFs in public/pdfs/)

Checking existing files on archive.org (may take a moment)...
Already uploaded: 0 files
Files to upload : 8155

Uploading batch 1 / 164  (50 files)...
  Done — responses: [200, 200, 200, 200, 200, 200, 200, 200, 200, 200, 200, 200, 200, 200, 200, 200, 200, 200, 200, 200, 200, 200, 200, 200, 200, 200, 200, 200, 200, 200, 200, 200, 200, 200, 200, 200, 200, 200, 200, 200, 200, 200, 200, 200, 200, 200, 200, 200, 200, 200]

Uploading batch 2 / 164  (50 files)...
  Done — responses: [200, 200, 200, 200, 200, 200, 200, 200, 200, 200, 200, 200, 200, 200, 200, 200, 200, 200, 200, 200, 200, 200, 200, 200, 200, 200, 200, 200, 200, 200, 200, 200, 200, 200, 200, 200, 200, 200, 200, 200, 200, 200, 200, 200, 200, 200, 200, 200, 200, 200]

Uploading batch 3 / 164  (50 files)...
  Done — responses: [200, 200, 200, 200, 200, 200, 200, 200, 200, 200, 200, 200, 200, 200, 200, 200, 200, 200, 200, 200, 200, 200, 200, 200, 200, 200, 200, 200, 200, 200, 200, 200, 200, 200, 200, 200, 200, 200, 200, 200, 200, 200, 200, 200, 200, 200, 200, 200, 200, 200]

Uploading batch 4 / 164  (50 files)...
  Done — responses: [200, 200, 200, 200, 200, 200, 200, 200, 200, 200, 200, 200, 200, 200, 200, 200, 200, 200, 200, 200, 200, 200, 200, 200, 200, 200, 200, 200, 200, 200, 200, 200, 200, 200, 200, 200, 200, 200, 200, 200, 200, 200, 200, 200, 200, 200, 200, 200, 200, 200]

Uploading batch 5 / 164  (50 files)...
  Error in batch: Error retrieving metadata from https://archive.org/metadata/student-archive-alevels-pastpapers, (MaxRetryError('HTTPSConnectionPool(host=\'archive.org\', port=443): Max retries exceeded with url: /metadata/student-archive-alevels-pastpapers (Caused by ReadTimeoutError("HTTPSConnectionPool(host=\'archive.org\', port=443): Read timed out. (read timeout=12)"))'), 'https://archive.org/metadata/student-archive-alevels-pastpapers')
  Continuing with next batch...

Uploading batch 6 / 164  (50 files)...
  Done — responses: [200, 200, 200, 200, 200, 200, 200, 200, 200, 200, 200, 200, 200, 200, 200, 200, 200, 200, 200, 200, 200, 200, 200, 200, 200, 200, 200, 200, 200, 200, 200, 200, 200, 200, 200, 200, 200, 200, 200, 200, 200, 200, 200, 200, 200, 200, 200, 200, 200, 200]

Uploading batch 7 / 164  (50 files)...
  Done — responses: [200, 200, 200, 200, 200, 200, 200, 200, 200, 200, 200, 200, 200, 200, 200, 200, 200, 200, 200, 200, 200, 200, 200, 200, 200, 200, 200, 200, 200, 200, 200, 200, 200, 200, 200, 200, 200, 200, 200, 200, 200, 200, 200, 200, 200, 200, 200, 200, 200, 200]

Uploading batch 8 / 164  (50 files)...
  Done — responses: [200, 200, 200, 200, 200, 200, 200, 200, 200, 200, 200, 200, 200, 200, 200, 200, 200, 200, 200, 200, 200, 200, 200, 200, 200, 200, 200, 200, 200, 200, 200, 200, 200, 200, 200, 200, 200, 200, 200, 200, 200, 200, 200, 200, 200, 200, 200, 200, 200, 200]

Uploading batch 9 / 164  (50 files)...
  Done — responses: [200, 200, 200, 200, 200, 200, 200, 200, 200, 200, 200, 200, 200, 200, 200, 200, 200, 200, 200, 200, 200, 200, 200, 200, 200, 200, 200, 200, 200, 200, 200, 200, 200, 200, 200, 200, 200, 200, 200, 200, 200, 200, 200, 200, 200, 200, 200, 200, 200, 200]

Uploading batch 10 / 164  (50 files)...
  Done — responses: [200, 200, 200, 200, 200, 200, 200, 200, 200, 200, 200, 200, 200, 200, 200, 200, 200, 200, 200, 200, 200, 200, 200, 200, 200, 200, 200, 200, 200, 200, 200, 200, 200, 200, 200, 200, 200, 200, 200, 200, 200, 200, 200, 200, 200, 200, 200, 200, 200, 200]

Uploading batch 11 / 164  (50 files)...
  Done — responses: [200, 200, 200, 200, 200, 200, 200, 200, 200, 200, 200, 200, 200, 200, 200, 200, 200, 200, 200, 200, 200, 200, 200, 200, 200, 200, 200, 200, 200, 200, 200, 200, 200, 200, 200, 200, 200, 200, 200, 200, 200, 200, 200, 200, 200, 200, 200, 200, 200, 200]

Uploading batch 12 / 164  (50 files)...
  Done — responses: [200, 200, 200, 200, 200, 200, 200, 200, 200, 200, 200, 200, 200, 200, 200, 200, 200, 200, 200, 200, 200, 200, 200, 200, 200, 200, 200, 200, 200, 200, 200, 200, 200, 200, 200, 200, 200, 200, 200, 200, 200, 200, 200, 200, 200, 200, 200, 200, 200, 200]

Uploading batch 13 / 164  (50 files)...
  Done — responses: [200, 200, 200, 200, 200, 200, 200, 200, 200, 200, 200, 200, 200, 200, 200, 200, 200, 200, 200, 200, 200, 200, 200, 200, 200, 200, 200, 200, 200, 200, 200, 200, 200, 200, 200, 200, 200, 200, 200, 200, 200, 200, 200, 200, 200, 200, 200, 200, 200, 200]

Uploading batch 14 / 164  (50 files)...
  Done — responses: [200, 200, 200, 200, 200, 200, 200, 200, 200, 200, 200, 200, 200, 200, 200, 200, 200, 200, 200, 200, 200, 200, 200, 200, 200, 200, 200, 200, 200, 200, 200, 200, 200, 200, 200, 200, 200, 200, 200, 200, 200, 200, 200, 200, 200, 200, 200, 200, 200, 200]

Uploading batch 15 / 164  (50 files)...
  Done — responses: [200, 200, 200, 200, 200, 200, 200, 200, 200, 200, 200, 200, 200, 200, 200, 200, 200, 200, 200, 200, 200, 200, 200, 200, 200, 200, 200, 200, 200, 200, 200, 200, 200, 200, 200, 200, 200, 200, 200, 200, 200, 200, 200, 200, 200, 200, 200, 200, 200, 200]

Uploading batch 16 / 164  (50 files)...
  Done — responses: [200, 200, 200, 200, 200, 200, 200, 200, 200, 200, 200, 200, 200, 200, 200, 200, 200, 200, 200, 200, 200, 200, 200, 200, 200, 200, 200, 200, 200, 200, 200, 200, 200, 200, 200, 200, 200, 200, 200, 200, 200, 200, 200, 200, 200, 200, 200, 200, 200, 200]

Uploading batch 17 / 164  (50 files)...
  Done — responses: [200, 200, 200, 200, 200, 200, 200, 200, 200, 200, 200, 200, 200, 200, 200, 200, 200, 200, 200, 200, 200, 200, 200, 200, 200, 200, 200, 200, 200, 200, 200, 200, 200, 200, 200, 200, 200, 200, 200, 200, 200, 200, 200, 200, 200, 200, 200, 200, 200, 200]

Uploading batch 18 / 164  (50 files)...
  Done — responses: [200, 200, 200, 200, 200, 200, 200, 200, 200, 200, 200, 200, 200, 200, 200, 200, 200, 200, 200, 200, 200, 200, 200, 200, 200, 200, 200, 200, 200, 200, 200, 200, 200, 200, 200, 200, 200, 200, 200, 200, 200, 200, 200, 200, 200, 200, 200, 200, 200, 200]

Uploading batch 19 / 164  (50 files)...
  Done — responses: [200, 200, 200, 200, 200, 200, 200, 200, 200, 200, 200, 200, 200, 200, 200, 200, 200, 200, 200, 200, 200, 200, 200, 200, 200, 200, 200, 200, 200, 200, 200, 200, 200, 200, 200, 200, 200, 200, 200, 200, 200, 200, 200, 200, 200, 200, 200, 200, 200, 200]

Uploading batch 20 / 164  (50 files)...
  Done — responses: [200, 200, 200, 200, 200, 200, 200, 200, 200, 200, 200, 200, 200, 200, 200, 200, 200, 200, 200, 200, 200, 200, 200, 200, 200, 200, 200, 200, 200, 200, 200, 200, 200, 200, 200, 200, 200, 200, 200, 200, 200, 200, 200, 200, 200, 200, 200, 200, 200, 200]

Uploading batch 21 / 164  (50 files)...
  Done — responses: [200, 200, 200, 200, 200, 200, 200, 200, 200, 200, 200, 200, 200, 200, 200, 200, 200, 200, 200, 200, 200, 200, 200, 200, 200, 200, 200, 200, 200, 200, 200, 200, 200, 200, 200, 200, 200, 200, 200, 200, 200, 200, 200, 200, 200, 200, 200, 200, 200, 200]

Uploading batch 22 / 164  (50 files)...
  Done — responses: [200, 200, 200, 200, 200, 200, 200, 200, 200, 200, 200, 200, 200, 200, 200, 200, 200, 200, 200, 200, 200, 200, 200, 200, 200, 200, 200, 200, 200, 200, 200, 200, 200, 200, 200, 200, 200, 200, 200, 200, 200, 200, 200, 200, 200, 200, 200, 200, 200, 200]

Uploading batch 23 / 164  (50 files)...
  Done — responses: [200, 200, 200, 200, 200, 200, 200, 200, 200, 200, 200, 200, 200, 200, 200, 200, 200, 200, 200, 200, 200, 200, 200, 200, 200, 200, 200, 200, 200, 200, 200, 200, 200, 200, 200, 200, 200, 200, 200, 200, 200, 200, 200, 200, 200, 200, 200, 200, 200, 200]

Uploading batch 24 / 164  (50 files)...
  Done — responses: [200, 200, 200, 200, 200, 200, 200, 200, 200, 200, 200, 200, 200, 200, 200, 200, 200, 200, 200, 200, 200, 200, 200, 200, 200, 200, 200, 200, 200, 200, 200, 200, 200, 200, 200, 200, 200, 200, 200, 200, 200, 200, 200, 200, 200, 200, 200, 200, 200, 200]

Uploading batch 25 / 164  (50 files)...
  Done — responses: [200, 200, 200, 200, 200, 200, 200, 200, 200, 200, 200, 200, 200, 200, 200, 200, 200, 200, 200, 200, 200, 200, 200, 200, 200, 200, 200, 200, 200, 200, 200, 200, 200, 200, 200, 200, 200, 200, 200, 200, 200, 200, 200, 200, 200, 200, 200, 200, 200, 200]

Uploading batch 26 / 164  (50 files)...
  Done — responses: [200, 200, 200, 200, 200, 200, 200, 200, 200, 200, 200, 200, 200, 200, 200, 200, 200, 200, 200, 200, 200, 200, 200, 200, 200, 200, 200, 200, 200, 200, 200, 200, 200, 200, 200, 200, 200, 200, 200, 200, 200, 200, 200, 200, 200, 200, 200, 200, 200, 200]

Uploading batch 27 / 164  (50 files)...
  Error in batch: Error retrieving metadata from https://archive.org/metadata/student-archive-alevels-pastpapers, (MaxRetryError("HTTPSConnectionPool(host='archive.org', port=443): Max retries exceeded with url: /metadata/student-archive-alevels-pastpapers (Caused by ResponseError('too many 502 error responses'))"), 'https://archive.org/metadata/student-archive-alevels-pastpapers')
  Continuing with next batch...

Uploading batch 28 / 164  (50 files)...
  Done — responses: [200, 200, 200, 200, 200, 200, 200, 200, 200, 200, 200, 200, 200, 200, 200, 200, 200, 200, 200, 200, 200, 200, 200, 200, 200, 200, 200, 200, 200, 200, 200, 200, 200, 200, 200, 200, 200, 200, 200, 200, 200, 200, 200, 200, 200, 200, 200, 200, 200, 200]

Uploading batch 29 / 164  (50 files)...
  Done — responses: [200, 200, 200, 200, 200, 200, 200, 200, 200, 200, 200, 200, 200, 200, 200, 200, 200, 200, 200, 200, 200, 200, 200, 200, 200, 200, 200, 200, 200, 200, 200, 200, 200, 200, 200, 200, 200, 200, 200, 200, 200, 200, 200, 200, 200, 200, 200, 200, 200, 200]

Uploading batch 30 / 164  (50 files)...
  Done — responses: [200, 200, 200, 200, 200, 200, 200, 200, 200, 200, 200, 200, 200, 200, 200, 200, 200, 200, 200, 200, 200, 200, 200, 200, 200, 200, 200, 200, 200, 200, 200, 200, 200, 200, 200, 200, 200, 200, 200, 200, 200, 200, 200, 200, 200, 200, 200, 200, 200, 200]

Uploading batch 31 / 164  (50 files)...
  Done — responses: [200, 200, 200, 200, 200, 200, 200, 200, 200, 200, 200, 200, 200, 200, 200, 200, 200, 200, 200, 200, 200, 200, 200, 200, 200, 200, 200, 200, 200, 200, 200, 200, 200, 200, 200, 200, 200, 200, 200, 200, 200, 200, 200, 200, 200, 200, 200, 200, 200, 200]

Uploading batch 32 / 164  (50 files)...
  Done — responses: [200, 200, 200, 200, 200, 200, 200, 200, 200, 200, 200, 200, 200, 200, 200, 200, 200, 200, 200, 200, 200, 200, 200, 200, 200, 200, 200, 200, 200, 200, 200, 200, 200, 200, 200, 200, 200, 200, 200, 200, 200, 200, 200, 200, 200, 200, 200, 200, 200, 200]

Uploading batch 33 / 164  (50 files)...
  Error in batch:  error uploading 9608_w17_qp_11.pdf to student-archive-alevels-pastpapers, Uploaded content is unacceptable. - error checking pdf file
  Continuing with next batch...

Uploading batch 34 / 164  (50 files)...
  Done — responses: [200, 200, 200, 200, 200, 200, 200, 200, 200, 200, 200, 200, 200, 200, 200, 200, 200, 200, 200, 200, 200, 200, 200, 200, 200, 200, 200, 200, 200, 200, 200, 200, 200, 200, 200, 200, 200, 200, 200, 200, 200, 200, 200, 200, 200, 200, 200, 200, 200, 200]

Uploading batch 35 / 164  (50 files)...
  Done — responses: [200, 200, 200, 200, 200, 200, 200, 200, 200, 200, 200, 200, 200, 200, 200, 200, 200, 200, 200, 200, 200, 200, 200, 200, 200, 200, 200, 200, 200, 200, 200, 200, 200, 200, 200, 200, 200, 200, 200, 200, 200, 200, 200, 200, 200, 200, 200, 200, 200, 200]

Uploading batch 36 / 164  (50 files)...
  Done — responses: [200, 200, 200, 200, 200, 200, 200, 200, 200, 200, 200, 200, 200, 200, 200, 200, 200, 200, 200, 200, 200, 200, 200, 200, 200, 200, 200, 200, 200, 200, 200, 200, 200, 200, 200, 200, 200, 200, 200, 200, 200, 200, 200, 200, 200, 200, 200, 200, 200, 200]

Uploading batch 37 / 164  (50 files)...
  Done — responses: [200, 200, 200, 200, 200, 200, 200, 200, 200, 200, 200, 200, 200, 200, 200, 200, 200, 200, 200, 200, 200, 200, 200, 200, 200, 200, 200, 200, 200, 200, 200, 200, 200, 200, 200, 200, 200, 200, 200, 200, 200, 200, 200, 200, 200, 200, 200, 200, 200, 200]

Uploading batch 38 / 164  (50 files)...
  Done — responses: [200, 200, 200, 200, 200, 200, 200, 200, 200, 200, 200, 200, 200, 200, 200, 200, 200, 200, 200, 200, 200, 200, 200, 200, 200, 200, 200, 200, 200, 200, 200, 200, 200, 200, 200, 200, 200, 200, 200, 200, 200, 200, 200, 200, 200, 200, 200, 200, 200, 200]

Uploading batch 39 / 164  (50 files)...
  Done — responses: [200, 200, 200, 200, 200, 200, 200, 200, 200, 200, 200, 200, 200, 200, 200, 200, 200, 200, 200, 200, 200, 200, 200, 200, 200, 200, 200, 200, 200, 200, 200, 200, 200, 200, 200, 200, 200, 200, 200, 200, 200, 200, 200, 200, 200, 200, 200, 200, 200, 200]

Uploading batch 40 / 164  (50 files)...
  Done — responses: [200, 200, 200, 200, 200, 200, 200, 200, 200, 200, 200, 200, 200, 200, 200, 200, 200, 200, 200, 200, 200, 200, 200, 200, 200, 200, 200, 200, 200, 200, 200, 200, 200, 200, 200, 200, 200, 200, 200, 200, 200, 200, 200, 200, 200, 200, 200, 200, 200, 200]

Uploading batch 41 / 164  (50 files)...
  Done — responses: [200, 200, 200, 200, 200, 200, 200, 200, 200, 200, 200, 200, 200, 200, 200, 200, 200, 200, 200, 200, 200, 200, 200, 200, 200, 200, 200, 200, 200, 200, 200, 200, 200, 200, 200, 200, 200, 200, 200, 200, 200, 200, 200, 200, 200, 200, 200, 200, 200, 200]

Uploading batch 42 / 164  (50 files)...
  Done — responses: [200, 200, 200, 200, 200, 200, 200, 200, 200, 200, 200, 200, 200, 200, 200, 200, 200, 200, 200, 200, 200, 200, 200, 200, 200, 200, 200, 200, 200, 200, 200, 200, 200, 200, 200, 200, 200, 200, 200, 200, 200, 200, 200, 200, 200, 200, 200, 200, 200, 200]

Uploading batch 43 / 164  (50 files)...
  Done — responses: [200, 200, 200, 200, 200, 200, 200, 200, 200, 200, 200, 200, 200, 200, 200, 200, 200, 200, 200, 200, 200, 200, 200, 200, 200, 200, 200, 200, 200, 200, 200, 200, 200, 200, 200, 200, 200, 200, 200, 200, 200, 200, 200, 200, 200, 200, 200, 200, 200, 200]

Uploading batch 44 / 164  (50 files)...
  Done — responses: [200, 200, 200, 200, 200, 200, 200, 200, 200, 200, 200, 200, 200, 200, 200, 200, 200, 200, 200, 200, 200, 200, 200, 200, 200, 200, 200, 200, 200, 200, 200, 200, 200, 200, 200, 200, 200, 200, 200, 200, 200, 200, 200, 200, 200, 200, 200, 200, 200, 200]

Uploading batch 45 / 164  (50 files)...
  Done — responses: [200, 200, 200, 200, 200, 200, 200, 200, 200, 200, 200, 200, 200, 200, 200, 200, 200, 200, 200, 200, 200, 200, 200, 200, 200, 200, 200, 200, 200, 200, 200, 200, 200, 200, 200, 200, 200, 200, 200, 200, 200, 200, 200, 200, 200, 200, 200, 200, 200, 200]

Uploading batch 46 / 164  (50 files)...
  Done — responses: [200, 200, 200, 200, 200, 200, 200, 200, 200, 200, 200, 200, 200, 200, 200, 200, 200, 200, 200, 200, 200, 200, 200, 200, 200, 200, 200, 200, 200, 200, 200, 200, 200, 200, 200, 200, 200, 200, 200, 200, 200, 200, 200, 200, 200, 200, 200, 200, 200, 200]

Uploading batch 47 / 164  (50 files)...
  Done — responses: [200, 200, 200, 200, 200, 200, 200, 200, 200, 200, 200, 200, 200, 200, 200, 200, 200, 200, 200, 200, 200, 200, 200, 200, 200, 200, 200, 200, 200, 200, 200, 200, 200, 200, 200, 200, 200, 200, 200, 200, 200, 200, 200, 200, 200, 200, 200, 200, 200, 200]

Uploading batch 48 / 164  (50 files)...
  Done — responses: [200, 200, 200, 200, 200, 200, 200, 200, 200, 200, 200, 200, 200, 200, 200, 200, 200, 200, 200, 200, 200, 200, 200, 200, 200, 200, 200, 200, 200, 200, 200, 200, 200, 200, 200, 200, 200, 200, 200, 200, 200, 200, 200, 200, 200, 200, 200, 200, 200, 200]

Uploading batch 49 / 164  (50 files)...
  Done — responses: [200, 200, 200, 200, 200, 200, 200, 200, 200, 200, 200, 200, 200, 200, 200, 200, 200, 200, 200, 200, 200, 200, 200, 200, 200, 200, 200, 200, 200, 200, 200, 200, 200, 200, 200, 200, 200, 200, 200, 200, 200, 200, 200, 200, 200, 200, 200, 200, 200, 200]

Uploading batch 50 / 164  (50 files)...
  Done — responses: [200, 200, 200, 200, 200, 200, 200, 200, 200, 200, 200, 200, 200, 200, 200, 200, 200, 200, 200, 200, 200, 200, 200, 200, 200, 200, 200, 200, 200, 200, 200, 200, 200, 200, 200, 200, 200, 200, 200, 200, 200, 200, 200, 200, 200, 200, 200, 200, 200, 200]

Uploading batch 51 / 164  (50 files)...
  Done — responses: [200, 200, 200, 200, 200, 200, 200, 200, 200, 200, 200, 200, 200, 200, 200, 200, 200, 200, 200, 200, 200, 200, 200, 200, 200, 200, 200, 200, 200, 200, 200, 200, 200, 200, 200, 200, 200, 200, 200, 200, 200, 200, 200, 200, 200, 200, 200, 200, 200, 200]

Uploading batch 52 / 164  (50 files)...
  Done — responses: [200, 200, 200, 200, 200, 200, 200, 200, 200, 200, 200, 200, 200, 200, 200, 200, 200, 200, 200, 200, 200, 200, 200, 200, 200, 200, 200, 200, 200, 200, 200, 200, 200, 200, 200, 200, 200, 200, 200, 200, 200, 200, 200, 200, 200, 200, 200, 200, 200, 200]

Uploading batch 53 / 164  (50 files)...
  Done — responses: [200, 200, 200, 200, 200, 200, 200, 200, 200, 200, 200, 200, 200, 200, 200, 200, 200, 200, 200, 200, 200, 200, 200, 200, 200, 200, 200, 200, 200, 200, 200, 200, 200, 200, 200, 200, 200, 200, 200, 200, 200, 200, 200, 200, 200, 200, 200, 200, 200, 200]

Uploading batch 54 / 164  (50 files)...
  Done — responses: [200, 200, 200, 200, 200, 200, 200, 200, 200, 200, 200, 200, 200, 200, 200, 200, 200, 200, 200, 200, 200, 200, 200, 200, 200, 200, 200, 200, 200, 200, 200, 200, 200, 200, 200, 200, 200, 200, 200, 200, 200, 200, 200, 200, 200, 200, 200, 200, 200, 200]

Uploading batch 55 / 164  (50 files)...
  Done — responses: [200, 200, 200, 200, 200, 200, 200, 200, 200, 200, 200, 200, 200, 200, 200, 200, 200, 200, 200, 200, 200, 200, 200, 200, 200, 200, 200, 200, 200, 200, 200, 200, 200, 200, 200, 200, 200, 200, 200, 200, 200, 200, 200, 200, 200, 200, 200, 200, 200, 200]

Uploading batch 56 / 164  (50 files)...
  Done — responses: [200, 200, 200, 200, 200, 200, 200, 200, 200, 200, 200, 200, 200, 200, 200, 200, 200, 200, 200, 200, 200, 200, 200, 200, 200, 200, 200, 200, 200, 200, 200, 200, 200, 200, 200, 200, 200, 200, 200, 200, 200, 200, 200, 200, 200, 200, 200, 200, 200, 200]

Uploading batch 57 / 164  (50 files)...
  Done — responses: [200, 200, 200, 200, 200, 200, 200, 200, 200, 200, 200, 200, 200, 200, 200, 200, 200, 200, 200, 200, 200, 200, 200, 200, 200, 200, 200, 200, 200, 200, 200, 200, 200, 200, 200, 200, 200, 200, 200, 200, 200, 200, 200, 200, 200, 200, 200, 200, 200, 200]

Uploading batch 58 / 164  (50 files)...
  Done — responses: [200, 200, 200, 200, 200, 200, 200, 200, 200, 200, 200, 200, 200, 200, 200, 200, 200, 200, 200, 200, 200, 200, 200, 200, 200, 200, 200, 200, 200, 200, 200, 200, 200, 200, 200, 200, 200, 200, 200, 200, 200, 200, 200, 200, 200, 200, 200, 200, 200, 200]

Uploading batch 59 / 164  (50 files)...
  Done — responses: [200, 200, 200, 200, 200, 200, 200, 200, 200, 200, 200, 200, 200, 200, 200, 200, 200, 200, 200, 200, 200, 200, 200, 200, 200, 200, 200, 200, 200, 200, 200, 200, 200, 200, 200, 200, 200, 200, 200, 200, 200, 200, 200, 200, 200, 200, 200, 200, 200, 200]

Uploading batch 60 / 164  (50 files)...
  Done — responses: [200, 200, 200, 200, 200, 200, 200, 200, 200, 200, 200, 200, 200, 200, 200, 200, 200, 200, 200, 200, 200, 200, 200, 200, 200, 200, 200, 200, 200, 200, 200, 200, 200, 200, 200, 200, 200, 200, 200, 200, 200, 200, 200, 200, 200, 200, 200, 200, 200, 200]

Uploading batch 61 / 164  (50 files)...
  Error in batch: (ProtocolError('Connection aborted.', ConnectionResetError(10054, 'An existing connection was forcibly closed by the remote host', None, 10054, None)), 'https://s3.us.archive.org/student-archive-alevels-pastpapers/9700_w18_qp_22.pdf')
  Continuing with next batch...

Uploading batch 62 / 164  (50 files)...
  Done — responses: [200, 200, 200, 200, 200, 200, 200, 200, 200, 200, 200, 200, 200, 200, 200, 200, 200, 200, 200, 200, 200, 200, 200, 200, 200, 200, 200, 200, 200, 200, 200, 200, 200, 200, 200, 200, 200, 200, 200, 200, 200, 200, 200, 200, 200, 200, 200, 200, 200, 200]

Uploading batch 63 / 164  (50 files)...
  Done — responses: [200, 200, 200, 200, 200, 200, 200, 200, 200, 200, 200, 200, 200, 200, 200, 200, 200, 200, 200, 200, 200, 200, 200, 200, 200, 200, 200, 200, 200, 200, 200, 200, 200, 200, 200, 200, 200, 200, 200, 200, 200, 200, 200, 200, 200, 200, 200, 200, 200, 200]

Uploading batch 64 / 164  (50 files)...
  Done — responses: [200, 200, 200, 200, 200, 200, 200, 200, 200, 200, 200, 200, 200, 200, 200, 200, 200, 200, 200, 200, 200, 200, 200, 200, 200, 200, 200, 200, 200, 200, 200, 200, 200, 200, 200, 200, 200, 200, 200, 200, 200, 200, 200, 200, 200, 200, 200, 200, 200, 200]

Uploading batch 65 / 164  (50 files)...
  Done — responses: [200, 200, 200, 200, 200, 200, 200, 200, 200, 200, 200, 200, 200, 200, 200, 200, 200, 200, 200, 200, 200, 200, 200, 200, 200, 200, 200, 200, 200, 200, 200, 200, 200, 200, 200, 200, 200, 200, 200, 200, 200, 200, 200, 200, 200, 200, 200, 200, 200, 200]

Uploading batch 66 / 164  (50 files)...
  Done — responses: [200, 200, 200, 200, 200, 200, 200, 200, 200, 200, 200, 200, 200, 200, 200, 200, 200, 200, 200, 200, 200, 200, 200, 200, 200, 200, 200, 200, 200, 200, 200, 200, 200, 200, 200, 200, 200, 200, 200, 200, 200, 200, 200, 200, 200, 200, 200, 200, 200, 200]

Uploading batch 67 / 164  (50 files)...
  Done — responses: [200, 200, 200, 200, 200, 200, 200, 200, 200, 200, 200, 200, 200, 200, 200, 200, 200, 200, 200, 200, 200, 200, 200, 200, 200, 200, 200, 200, 200, 200, 200, 200, 200, 200, 200, 200, 200, 200, 200, 200, 200, 200, 200, 200, 200, 200, 200, 200, 200, 200]

Uploading batch 68 / 164  (50 files)...
  Done — responses: [200, 200, 200, 200, 200, 200, 200, 200, 200, 200, 200, 200, 200, 200, 200, 200, 200, 200, 200, 200, 200, 200, 200, 200, 200, 200, 200, 200, 200, 200, 200, 200, 200, 200, 200, 200, 200, 200, 200, 200, 200, 200, 200, 200, 200, 200, 200, 200, 200, 200]

Uploading batch 69 / 164  (50 files)...
  Done — responses: [200, 200, 200, 200, 200, 200, 200, 200, 200, 200, 200, 200, 200, 200, 200, 200, 200, 200, 200, 200, 200, 200, 200, 200, 200, 200, 200, 200, 200, 200, 200, 200, 200, 200, 200, 200, 200, 200, 200, 200, 200, 200, 200, 200, 200, 200, 200, 200, 200, 200]

Uploading batch 70 / 164  (50 files)...
  Done — responses: [200, 200, 200, 200, 200, 200, 200, 200, 200, 200, 200, 200, 200, 200, 200, 200, 200, 200, 200, 200, 200, 200, 200, 200, 200, 200, 200, 200, 200, 200, 200, 200, 200, 200, 200, 200, 200, 200, 200, 200, 200, 200, 200, 200, 200, 200, 200, 200, 200, 200]

Uploading batch 71 / 164  (50 files)...
  Done — responses: [200, 200, 200, 200, 200, 200, 200, 200, 200, 200, 200, 200, 200, 200, 200, 200, 200, 200, 200, 200, 200, 200, 200, 200, 200, 200, 200, 200, 200, 200, 200, 200, 200, 200, 200, 200, 200, 200, 200, 200, 200, 200, 200, 200, 200, 200, 200, 200, 200, 200]

Uploading batch 72 / 164  (50 files)...
  Done — responses: [200, 200, 200, 200, 200, 200, 200, 200, 200, 200, 200, 200, 200, 200, 200, 200, 200, 200, 200, 200, 200, 200, 200, 200, 200, 200, 200, 200, 200, 200, 200, 200, 200, 200, 200, 200, 200, 200, 200, 200, 200, 200, 200, 200, 200, 200, 200, 200, 200, 200]

Uploading batch 73 / 164  (50 files)...
  Done — responses: [200, 200, 200, 200, 200, 200, 200, 200, 200, 200, 200, 200, 200, 200, 200, 200, 200, 200, 200, 200, 200, 200, 200, 200, 200, 200, 200, 200, 200, 200, 200, 200, 200, 200, 200, 200, 200, 200, 200, 200, 200, 200, 200, 200, 200, 200, 200, 200, 200, 200]

Uploading batch 74 / 164  (50 files)...
  Done — responses: [200, 200, 200, 200, 200, 200, 200, 200, 200, 200, 200, 200, 200, 200, 200, 200, 200, 200, 200, 200, 200, 200, 200, 200, 200, 200, 200, 200, 200, 200, 200, 200, 200, 200, 200, 200, 200, 200, 200, 200, 200, 200, 200, 200, 200, 200, 200, 200, 200, 200]

Uploading batch 75 / 164  (50 files)...
  Done — responses: [200, 200, 200, 200, 200, 200, 200, 200, 200, 200, 200, 200, 200, 200, 200, 200, 200, 200, 200, 200, 200, 200, 200, 200, 200, 200, 200, 200, 200, 200, 200, 200, 200, 200, 200, 200, 200, 200, 200, 200, 200, 200, 200, 200, 200, 200, 200, 200, 200, 200]

Uploading batch 76 / 164  (50 files)...
  Done — responses: [200, 200, 200, 200, 200, 200, 200, 200, 200, 200, 200, 200, 200, 200, 200, 200, 200, 200, 200, 200, 200, 200, 200, 200, 200, 200, 200, 200, 200, 200, 200, 200, 200, 200, 200, 200, 200, 200, 200, 200, 200, 200, 200, 200, 200, 200, 200, 200, 200, 200]

Uploading batch 77 / 164  (50 files)...
  Done — responses: [200, 200, 200, 200, 200, 200, 200, 200, 200, 200, 200, 200, 200, 200, 200, 200, 200, 200, 200, 200, 200, 200, 200, 200, 200, 200, 200, 200, 200, 200, 200, 200, 200, 200, 200, 200, 200, 200, 200, 200, 200, 200, 200, 200, 200, 200, 200, 200, 200, 200]

Uploading batch 78 / 164  (50 files)...
  Done — responses: [200, 200, 200, 200, 200, 200, 200, 200, 200, 200, 200, 200, 200, 200, 200, 200, 200, 200, 200, 200, 200, 200, 200, 200, 200, 200, 200, 200, 200, 200, 200, 200, 200, 200, 200, 200, 200, 200, 200, 200, 200, 200, 200, 200, 200, 200, 200, 200, 200, 200]

Uploading batch 79 / 164  (50 files)...
  Done — responses: [200, 200, 200, 200, 200, 200, 200, 200, 200, 200, 200, 200, 200, 200, 200, 200, 200, 200, 200, 200, 200, 200, 200, 200, 200, 200, 200, 200, 200, 200, 200, 200, 200, 200, 200, 200, 200, 200, 200, 200, 200, 200, 200, 200, 200, 200, 200, 200, 200, 200]

Uploading batch 80 / 164  (50 files)...
  Done — responses: [200, 200, 200, 200, 200, 200, 200, 200, 200, 200, 200, 200, 200, 200, 200, 200, 200, 200, 200, 200, 200, 200, 200, 200, 200, 200, 200, 200, 200, 200, 200, 200, 200, 200, 200, 200, 200, 200, 200, 200, 200, 200, 200, 200, 200, 200, 200, 200, 200, 200]

Uploading batch 81 / 164  (50 files)...
  Done — responses: [200, 200, 200, 200, 200, 200, 200, 200, 200, 200, 200, 200, 200, 200, 200, 200, 200, 200, 200, 200, 200, 200, 200, 200, 200, 200, 200, 200, 200, 200, 200, 200, 200, 200, 200, 200, 200, 200, 200, 200, 200, 200, 200, 200, 200, 200, 200, 200, 200, 200]

Uploading batch 82 / 164  (50 files)...
  Done — responses: [200, 200, 200, 200, 200, 200, 200, 200, 200, 200, 200, 200, 200, 200, 200, 200, 200, 200, 200, 200, 200, 200, 200, 200, 200, 200, 200, 200, 200, 200, 200, 200, 200, 200, 200, 200, 200, 200, 200, 200, 200, 200, 200, 200, 200, 200, 200, 200, 200, 200]

Uploading batch 83 / 164  (50 files)...
  Done — responses: [200, 200, 200, 200, 200, 200, 200, 200, 200, 200, 200, 200, 200, 200, 200, 200, 200, 200, 200, 200, 200, 200, 200, 200, 200, 200, 200, 200, 200, 200, 200, 200, 200, 200, 200, 200, 200, 200, 200, 200, 200, 200, 200, 200, 200, 200, 200, 200, 200, 200]

Uploading batch 84 / 164  (50 files)...
  Done — responses: [200, 200, 200, 200, 200, 200, 200, 200, 200, 200, 200, 200, 200, 200, 200, 200, 200, 200, 200, 200, 200, 200, 200, 200, 200, 200, 200, 200, 200, 200, 200, 200, 200, 200, 200, 200, 200, 200, 200, 200, 200, 200, 200, 200, 200, 200, 200, 200, 200, 200]

Uploading batch 85 / 164  (50 files)...
  Done — responses: [200, 200, 200, 200, 200, 200, 200, 200, 200, 200, 200, 200, 200, 200, 200, 200, 200, 200, 200, 200, 200, 200, 200, 200, 200, 200, 200, 200, 200, 200, 200, 200, 200, 200, 200, 200, 200, 200, 200, 200, 200, 200, 200, 200, 200, 200, 200, 200, 200, 200]

Uploading batch 86 / 164  (50 files)...
  Done — responses: [200, 200, 200, 200, 200, 200, 200, 200, 200, 200, 200, 200, 200, 200, 200, 200, 200, 200, 200, 200, 200, 200, 200, 200, 200, 200, 200, 200, 200, 200, 200, 200, 200, 200, 200, 200, 200, 200, 200, 200, 200, 200, 200, 200, 200, 200, 200, 200, 200, 200]

Uploading batch 87 / 164  (50 files)...
  Done — responses: [200, 200, 200, 200, 200, 200, 200, 200, 200, 200, 200, 200, 200, 200, 200, 200, 200, 200, 200, 200, 200, 200, 200, 200, 200, 200, 200, 200, 200, 200, 200, 200, 200, 200, 200, 200, 200, 200, 200, 200, 200, 200, 200, 200, 200, 200, 200, 200, 200, 200]

Uploading batch 88 / 164  (50 files)...
  Done — responses: [200, 200, 200, 200, 200, 200, 200, 200, 200, 200, 200, 200, 200, 200, 200, 200, 200, 200, 200, 200, 200, 200, 200, 200, 200, 200, 200, 200, 200, 200, 200, 200, 200, 200, 200, 200, 200, 200, 200, 200, 200, 200, 200, 200, 200, 200, 200, 200, 200, 200]

Uploading batch 89 / 164  (50 files)...
  Done — responses: [200, 200, 200, 200, 200, 200, 200, 200, 200, 200, 200, 200, 200, 200, 200, 200, 200, 200, 200, 200, 200, 200, 200, 200, 200, 200, 200, 200, 200, 200, 200, 200, 200, 200, 200, 200, 200, 200, 200, 200, 200, 200, 200, 200, 200, 200, 200, 200, 200, 200]

Uploading batch 90 / 164  (50 files)...
  Done — responses: [200, 200, 200, 200, 200, 200, 200, 200, 200, 200, 200, 200, 200, 200, 200, 200, 200, 200, 200, 200, 200, 200, 200, 200, 200, 200, 200, 200, 200, 200, 200, 200, 200, 200, 200, 200, 200, 200, 200, 200, 200, 200, 200, 200, 200, 200, 200, 200, 200, 200]

Uploading batch 91 / 164  (50 files)...
  Done — responses: [200, 200, 200, 200, 200, 200, 200, 200, 200, 200, 200, 200, 200, 200, 200, 200, 200, 200, 200, 200, 200, 200, 200, 200, 200, 200, 200, 200, 200, 200, 200, 200, 200, 200, 200, 200, 200, 200, 200, 200, 200, 200, 200, 200, 200, 200, 200, 200, 200, 200]

Uploading batch 92 / 164  (50 files)...
  Done — responses: [200, 200, 200, 200, 200, 200, 200, 200, 200, 200, 200, 200, 200, 200, 200, 200, 200, 200, 200, 200, 200, 200, 200, 200, 200, 200, 200, 200, 200, 200, 200, 200, 200, 200, 200, 200, 200, 200, 200, 200, 200, 200, 200, 200, 200, 200, 200, 200, 200, 200]

Uploading batch 93 / 164  (50 files)...
  Done — responses: [200, 200, 200, 200, 200, 200, 200, 200, 200, 200, 200, 200, 200, 200, 200, 200, 200, 200, 200, 200, 200, 200, 200, 200, 200, 200, 200, 200, 200, 200, 200, 200, 200, 200, 200, 200, 200, 200, 200, 200, 200, 200, 200, 200, 200, 200, 200, 200, 200, 200]

Uploading batch 94 / 164  (50 files)...
  Done — responses: [200, 200, 200, 200, 200, 200, 200, 200, 200, 200, 200, 200, 200, 200, 200, 200, 200, 200, 200, 200, 200, 200, 200, 200, 200, 200, 200, 200, 200, 200, 200, 200, 200, 200, 200, 200, 200, 200, 200, 200, 200, 200, 200, 200, 200, 200, 200, 200, 200, 200]

Uploading batch 95 / 164  (50 files)...
  Done — responses: [200, 200, 200, 200, 200, 200, 200, 200, 200, 200, 200, 200, 200, 200, 200, 200, 200, 200, 200, 200, 200, 200, 200, 200, 200, 200, 200, 200, 200, 200, 200, 200, 200, 200, 200, 200, 200, 200, 200, 200, 200, 200, 200, 200, 200, 200, 200, 200, 200, 200]

Uploading batch 96 / 164  (50 files)...
  Error in batch:  error uploading 9702_w15_ms_42.pdf to student-archive-alevels-pastpapers, 
  Continuing with next batch...

Uploading batch 97 / 164  (50 files)...
  Error in batch:  error uploading 9702_w16_ms_52.pdf to student-archive-alevels-pastpapers, Please reduce your request rate. - accesskey_tasks_queued exceeds rationed amount
  Continuing with next batch...

Uploading batch 98 / 164  (50 files)...
  Error in batch:  error uploading 9702_w17_qp_13.pdf to student-archive-alevels-pastpapers, 
  Continuing with next batch...

Uploading batch 99 / 164  (50 files)...
  Error in batch: Error retrieving metadata from https://archive.org/metadata/student-archive-alevels-pastpapers, (MaxRetryError('HTTPSConnectionPool(host=\'archive.org\', port=443): Max retries exceeded with url: /metadata/student-archive-alevels-pastpapers (Caused by ReadTimeoutError("HTTPSConnectionPool(host=\'archive.org\', port=443): Read timed out. (read timeout=12)"))'), 'https://archive.org/metadata/student-archive-alevels-pastpapers')
  Continuing with next batch...

Uploading batch 100 / 164  (50 files)...
  Done — responses: [200, 200, 200, 200, 200, 200, 200, 200, 200, 200, 200, 200, 200, 200, 200, 200, 200, 200, 200, 200, 200, 200, 200, 200, 200, 200, 200, 200, 200, 200, 200, 200, 200, 200, 200, 200, 200, 200, 200, 200, 200, 200, 200, 200, 200, 200, 200, 200, 200, 200]

Uploading batch 101 / 164  (50 files)...
  Done — responses: [200, 200, 200, 200, 200, 200, 200, 200, 200, 200, 200, 200, 200, 200, 200, 200, 200, 200, 200, 200, 200, 200, 200, 200, 200, 200, 200, 200, 200, 200, 200, 200, 200, 200, 200, 200, 200, 200, 200, 200, 200, 200, 200, 200, 200, 200, 200, 200, 200, 200]

Uploading batch 102 / 164  (50 files)...
  Done — responses: [200, 200, 200, 200, 200, 200, 200, 200, 200, 200, 200, 200, 200, 200, 200, 200, 200, 200, 200, 200, 200, 200, 200, 200, 200, 200, 200, 200, 200, 200, 200, 200, 200, 200, 200, 200, 200, 200, 200, 200, 200, 200, 200, 200, 200, 200, 200, 200, 200, 200]

Uploading batch 103 / 164  (50 files)...
  Done — responses: [200, 200, 200, 200, 200, 200, 200, 200, 200, 200, 200, 200, 200, 200, 200, 200, 200, 200, 200, 200, 200, 200, 200, 200, 200, 200, 200, 200, 200, 200, 200, 200, 200, 200, 200, 200, 200, 200, 200, 200, 200, 200, 200, 200, 200, 200, 200, 200, 200, 200]

Uploading batch 104 / 164  (50 files)...
  Done — responses: [200, 200, 200, 200, 200, 200, 200, 200, 200, 200, 200, 200, 200, 200, 200, 200, 200, 200, 200, 200, 200, 200, 200, 200, 200, 200, 200, 200, 200, 200, 200, 200, 200, 200, 200, 200, 200, 200, 200, 200, 200, 200, 200, 200, 200, 200, 200, 200, 200, 200]

Uploading batch 105 / 164  (50 files)...
  Error in batch:  error uploading 9706_s13_ms_13.pdf to student-archive-alevels-pastpapers, Please reduce your request rate. - bucket_tasks_queued exceeds bucket_limit amount
  Continuing with next batch...

Uploading batch 106 / 164  (50 files)...
  Error in batch:  error uploading 9706_s15_qp_12.pdf to student-archive-alevels-pastpapers, Please reduce your request rate. - bucket_tasks_queued exceeds bucket_limit amount
  Continuing with next batch...

Uploading batch 107 / 164  (50 files)...
  Error in batch:  error uploading 9706_s18_ms_13.pdf to student-archive-alevels-pastpapers, Please reduce your request rate. - bucket_tasks_queued exceeds bucket_limit amount
  Continuing with next batch...

Uploading batch 108 / 164  (50 files)...
  Error in batch:  error uploading 9706_s20_qp_23.pdf to student-archive-alevels-pastpapers, Please reduce your request rate. - bucket_tasks_queued exceeds bucket_limit amount
  Continuing with next batch...

Uploading batch 109 / 164  (50 files)...
  Error in batch:  error uploading 9706_s23_ms_22.pdf to student-archive-alevels-pastpapers, Please reduce your request rate. - bucket_tasks_queued exceeds bucket_limit amount
  Continuing with next batch...

Uploading batch 110 / 164  (50 files)...
  Error in batch:  error uploading 9706_s25_qp_32.pdf to student-archive-alevels-pastpapers, Please reduce your request rate. - bucket_tasks_queued exceeds bucket_limit amount
  Continuing with next batch...

Uploading batch 111 / 164  (50 files)...
  Done — responses: [200, 200, 200, 200, 200, 200, 200, 200, 200, 200, 200, 200, 200, 200, 200, 200, 200, 200, 200, 200, 200, 200, 200, 200, 200, 200, 200, 200, 200, 200, 200, 200, 200, 200, 200, 200, 200, 200, 200, 200, 200, 200, 200, 200, 200, 200, 200, 200, 200, 200]

Uploading batch 112 / 164  (50 files)...
  Done — responses: [200, 200, 200, 200, 200, 200, 200, 200, 200, 200, 200, 200, 200, 200, 200, 200, 200, 200, 200, 200, 200, 200, 200, 200, 200, 200, 200, 200, 200, 200, 200, 200, 200, 200, 200, 200, 200, 200, 200, 200, 200, 200, 200, 200, 200, 200, 200, 200, 200, 200]

Uploading batch 113 / 164  (50 files)...
  Done — responses: [200, 200, 200, 200, 200, 200, 200, 200, 200, 200, 200, 200, 200, 200, 200, 200, 200, 200, 200, 200, 200, 200, 200, 200, 200, 200, 200, 200, 200, 200, 200, 200, 200, 200, 200, 200, 200, 200, 200, 200, 200, 200, 200, 200, 200, 200, 200, 200, 200, 200]

Uploading batch 114 / 164  (50 files)...
  Done — responses: [200, 200, 200, 200, 200, 200, 200, 200, 200, 200, 200, 200, 200, 200, 200, 200, 200, 200, 200, 200, 200, 200, 200, 200, 200, 200, 200, 200, 200, 200, 200, 200, 200, 200, 200, 200, 200, 200, 200, 200, 200, 200, 200, 200, 200, 200, 200, 200, 200, 200]

Uploading batch 115 / 164  (50 files)...
  Done — responses: [200, 200, 200, 200, 200, 200, 200, 200, 200, 200, 200, 200, 200, 200, 200, 200, 200, 200, 200, 200, 200, 200, 200, 200, 200, 200, 200, 200, 200, 200, 200, 200, 200, 200, 200, 200, 200, 200, 200, 200, 200, 200, 200, 200, 200, 200, 200, 200, 200, 200]

Uploading batch 116 / 164  (50 files)...
  Done — responses: [200, 200, 200, 200, 200, 200, 200, 200, 200, 200, 200, 200, 200, 200, 200, 200, 200, 200, 200, 200, 200, 200, 200, 200, 200, 200, 200, 200, 200, 200, 200, 200, 200, 200, 200, 200, 200, 200, 200, 200, 200, 200, 200, 200, 200, 200, 200, 200, 200, 200]

Uploading batch 117 / 164  (50 files)...
  Done — responses: [200, 200, 200, 200, 200, 200, 200, 200, 200, 200, 200, 200, 200, 200, 200, 200, 200, 200, 200, 200, 200, 200, 200, 200, 200, 200, 200, 200, 200, 200, 200, 200, 200, 200, 200, 200, 200, 200, 200, 200, 200, 200, 200, 200, 200, 200, 200, 200, 200, 200]

Uploading batch 118 / 164  (50 files)...
  Done — responses: [200, 200, 200, 200, 200, 200, 200, 200, 200, 200, 200, 200, 200, 200, 200, 200, 200, 200, 200, 200, 200, 200, 200, 200, 200, 200, 200, 200, 200, 200, 200, 200, 200, 200, 200, 200, 200, 200, 200, 200, 200, 200, 200, 200, 200, 200, 200, 200, 200, 200]

Uploading batch 119 / 164  (50 files)...
  Done — responses: [200, 200, 200, 200, 200, 200, 200, 200, 200, 200, 200, 200, 200, 200, 200, 200, 200, 200, 200, 200, 200, 200, 200, 200, 200, 200, 200, 200, 200, 200, 200, 200, 200, 200, 200, 200, 200, 200, 200, 200, 200, 200, 200, 200, 200, 200, 200, 200, 200, 200]

Uploading batch 120 / 164  (50 files)...
  Done — responses: [200, 200, 200, 200, 200, 200, 200, 200, 200, 200, 200, 200, 200, 200, 200, 200, 200, 200, 200, 200, 200, 200, 200, 200, 200, 200, 200, 200, 200, 200, 200, 200, 200, 200, 200, 200, 200, 200, 200, 200, 200, 200, 200, 200, 200, 200, 200, 200, 200, 200]

Uploading batch 121 / 164  (50 files)...
  Error in batch:  error uploading 9708_s15_ms_31.pdf to student-archive-alevels-pastpapers, Please reduce your request rate. - bucket_tasks_queued exceeds bucket_limit amount
  Continuing with next batch...

Uploading batch 122 / 164  (50 files)...
  Error in batch:  error uploading 9708_s17_ms_11.pdf to student-archive-alevels-pastpapers, Please reduce your request rate. - bucket_tasks_queued exceeds bucket_limit amount
  Continuing with next batch...

Uploading batch 123 / 164  (50 files)...
  Error in batch:  error uploading 9708_s19_er.pdf to student-archive-alevels-pastpapers, Please reduce your request rate. - bucket_tasks_queued exceeds bucket_limit amount
  Continuing with next batch...

Uploading batch 124 / 164  (50 files)...
  Done — responses: [200, 200, 200, 200, 200, 200, 200, 200, 200, 200, 200, 200, 200, 200, 200, 200, 200, 200, 200, 200, 200, 200, 200, 200, 200, 200, 200, 200, 200, 200, 200, 200, 200, 200, 200, 200, 200, 200, 200, 200, 200, 200, 200, 200, 200, 200, 200, 200, 200, 200]

Uploading batch 125 / 164  (50 files)...
  Done — responses: [200, 200, 200, 200, 200, 200, 200, 200, 200, 200, 200, 200, 200, 200, 200, 200, 200, 200, 200, 200, 200, 200, 200, 200, 200, 200, 200, 200, 200, 200, 200, 200, 200, 200, 200, 200, 200, 200, 200, 200, 200, 200, 200, 200, 200, 200, 200, 200, 200, 200]

Uploading batch 126 / 164  (50 files)...
  Done — responses: [200, 200, 200, 200, 200, 200, 200, 200, 200, 200, 200, 200, 200, 200, 200, 200, 200, 200, 200, 200, 200, 200, 200, 200, 200, 200, 200, 200, 200, 200, 200, 200, 200, 200, 200, 200, 200, 200, 200, 200, 200, 200, 200, 200, 200, 200, 200, 200, 200, 200]

Uploading batch 127 / 164  (50 files)...
  Done — responses: [200, 200, 200, 200, 200, 200, 200, 200, 200, 200, 200, 200, 200, 200, 200, 200, 200, 200, 200, 200, 200, 200, 200, 200, 200, 200, 200, 200, 200, 200, 200, 200, 200, 200, 200, 200, 200, 200, 200, 200, 200, 200, 200, 200, 200, 200, 200, 200, 200, 200]

Uploading batch 128 / 164  (50 files)...
  Done — responses: [200, 200, 200, 200, 200, 200, 200, 200, 200, 200, 200, 200, 200, 200, 200, 200, 200, 200, 200, 200, 200, 200, 200, 200, 200, 200, 200, 200, 200, 200, 200, 200, 200, 200, 200, 200, 200, 200, 200, 200, 200, 200, 200, 200, 200, 200, 200, 200, 200, 200]

Uploading batch 129 / 164  (50 files)...
  Done — responses: [200, 200, 200, 200, 200, 200, 200, 200, 200, 200, 200, 200, 200, 200, 200, 200, 200, 200, 200, 200, 200, 200, 200, 200, 200, 200, 200, 200, 200, 200, 200, 200, 200, 200, 200, 200, 200, 200, 200, 200, 200, 200, 200, 200, 200, 200, 200, 200, 200, 200]

Uploading batch 130 / 164  (50 files)...
  Error in batch:  error uploading 9708_w18_qp_32.pdf to student-archive-alevels-pastpapers, Please reduce your request rate. - bucket_tasks_queued exceeds bucket_limit amount
  Continuing with next batch...

Uploading batch 131 / 164  (50 files)...
  Error in batch:  error uploading 9708_w18_qp_33.pdf to student-archive-alevels-pastpapers, Please reduce your request rate. - bucket_tasks_queued exceeds bucket_limit amount
  Continuing with next batch...

Uploading batch 132 / 164  (50 files)...
  Error in batch:  error uploading 9708_w20_qp_31.pdf to student-archive-alevels-pastpapers, Please reduce your request rate. - bucket_tasks_queued exceeds bucket_limit amount
  Continuing with next batch...

Uploading batch 133 / 164  (50 files)...
  Error in batch:  error uploading 9708_w22_qp_22.pdf to student-archive-alevels-pastpapers, Please reduce your request rate. - bucket_tasks_queued exceeds bucket_limit amount
  Continuing with next batch...

Uploading batch 134 / 164  (50 files)...
  Error in batch:  error uploading 9708_w24_qp_21.pdf to student-archive-alevels-pastpapers, Please reduce your request rate. - bucket_tasks_queued exceeds bucket_limit amount
  Continuing with next batch...

Uploading batch 135 / 164  (50 files)...
  Error in batch:  error uploading 9709_m17_er.pdf to student-archive-alevels-pastpapers, Please reduce your request rate. - bucket_tasks_queued exceeds bucket_limit amount
  Continuing with next batch...

Uploading batch 136 / 164  (50 files)...
  Error in batch:  error uploading 9709_m20_ms_32.pdf to student-archive-alevels-pastpapers, Please reduce your request rate. - bucket_tasks_queued exceeds bucket_limit amount
  Continuing with next batch...

Uploading batch 137 / 164  (50 files)...
  Error in batch:  error uploading 9709_m23_qp_52.pdf to student-archive-alevels-pastpapers, Please reduce your request rate. - bucket_tasks_queued exceeds bucket_limit amount
  Continuing with next batch...

Uploading batch 138 / 164  (50 files)...
  Done — responses: [200, 200, 200, 200, 200, 200, 200, 200, 200, 200, 200, 200, 200, 200, 200, 200, 200, 200, 200, 200, 200, 200, 200, 200, 200, 200, 200, 200, 200, 200, 200, 200, 200, 200, 200, 200, 200, 200, 200, 200, 200, 200, 200, 200, 200, 200, 200, 200, 200, 200]

Uploading batch 139 / 164  (50 files)...
  Done — responses: [200, 200, 200, 200, 200, 200, 200, 200, 200, 200, 200, 200, 200, 200, 200, 200, 200, 200, 200, 200, 200, 200, 200, 200, 200, 200, 200, 200, 200, 200, 200, 200, 200, 200, 200, 200, 200, 200, 200, 200, 200, 200, 200, 200, 200, 200, 200, 200, 200, 200]

Uploading batch 140 / 164  (50 files)...
  Done — responses: [200, 200, 200, 200, 200, 200, 200, 200, 200, 200, 200, 200, 200, 200, 200, 200, 200, 200, 200, 200, 200, 200, 200, 200, 200, 200, 200, 200, 200, 200, 200, 200, 200, 200, 200, 200, 200, 200, 200, 200, 200, 200, 200, 200, 200, 200, 200, 200, 200, 200]

Uploading batch 141 / 164  (50 files)...
  Done — responses: [200, 200, 200, 200, 200, 200, 200, 200, 200, 200, 200, 200, 200, 200, 200, 200, 200, 200, 200, 200, 200, 200, 200, 200, 200, 200, 200, 200, 200, 200, 200, 200, 200, 200, 200, 200, 200, 200, 200, 200, 200, 200, 200, 200, 200, 200, 200, 200, 200, 200]

Uploading batch 142 / 164  (50 files)...
  Done — responses: [200, 200, 200, 200, 200, 200, 200, 200, 200, 200, 200, 200, 200, 200, 200, 200, 200, 200, 200, 200, 200, 200, 200, 200, 200, 200, 200, 200, 200, 200, 200, 200, 200, 200, 200, 200, 200, 200, 200, 200, 200, 200, 200, 200, 200, 200, 200, 200, 200, 200]

Uploading batch 143 / 164  (50 files)...
  Done — responses: [200, 200, 200, 200, 200, 200, 200, 200, 200, 200, 200, 200, 200, 200, 200, 200, 200, 200, 200, 200, 200, 200, 200, 200, 200, 200, 200, 200, 200, 200, 200, 200, 200, 200, 200, 200, 200, 200, 200, 200, 200, 200, 200, 200, 200, 200, 200, 200, 200, 200]

Uploading batch 144 / 164  (50 files)...
  Done — responses: [200, 200, 200, 200, 200, 200, 200, 200, 200, 200, 200, 200, 200, 200, 200, 200, 200, 200, 200, 200, 200, 200, 200, 200, 200, 200, 200, 200, 200, 200, 200, 200, 200, 200, 200, 200, 200, 200, 200, 200, 200, 200, 200, 200, 200, 200, 200, 200, 200, 200]

Uploading batch 145 / 164  (50 files)...
  Done — responses: [200, 200, 200, 200, 200, 200, 200, 200, 200, 200, 200, 200, 200, 200, 200, 200, 200, 200, 200, 200, 200, 200, 200, 200, 200, 200, 200, 200, 200, 200, 200, 200, 200, 200, 200, 200, 200, 200, 200, 200, 200, 200, 200, 200, 200, 200, 200, 200, 200, 200]

Uploading batch 146 / 164  (50 files)...
  Error in batch:  error uploading 9709_s19_qp_43.pdf to student-archive-alevels-pastpapers, Please reduce your request rate. - accesskey_tasks_queued exceeds rationed amount
  Continuing with next batch...

Uploading batch 147 / 164  (50 files)...
  Done — responses: [200, 200, 200, 200, 200, 200, 200, 200, 200, 200, 200, 200, 200, 200, 200, 200, 200, 200, 200, 200, 200, 200, 200, 200, 200, 200, 200, 200, 200, 200, 200, 200, 200, 200, 200, 200, 200, 200, 200, 200, 200, 200, 200, 200, 200, 200, 200, 200, 200, 200]

Uploading batch 148 / 164  (50 files)...
  Error in batch:  error uploading 9709_s22_qp_62.pdf to student-archive-alevels-pastpapers, Please reduce your request rate. - accesskey_tasks_queued exceeds rationed amount
  Continuing with next batch...

Uploading batch 149 / 164  (50 files)...
  Error in batch:  error uploading 9709_s23_qp_11.pdf to student-archive-alevels-pastpapers, Please reduce your request rate. - accesskey_tasks_queued exceeds rationed amount
  Continuing with next batch...

Uploading batch 150 / 164  (50 files)...
  Error in batch:  error uploading 9709_s24_qp_52.pdf to student-archive-alevels-pastpapers, Please reduce your request rate. - accesskey_tasks_queued exceeds rationed amount
  Continuing with next batch...

Uploading batch 151 / 164  (50 files)...
  Error in batch:  error uploading 9709_w10_ms_43.pdf to student-archive-alevels-pastpapers, Please reduce your request rate. - accesskey_tasks_queued exceeds rationed amount
  Continuing with next batch...

Uploading batch 152 / 164  (50 files)...
  Error in batch:  error uploading 9709_w11_ms_51.pdf to student-archive-alevels-pastpapers, Please reduce your request rate. - accesskey_tasks_queued exceeds rationed amount
  Continuing with next batch...

Uploading batch 153 / 164  (50 files)...
  Error in batch:  error uploading 9709_w12_ms_71.pdf to student-archive-alevels-pastpapers, Please reduce your request rate. - accesskey_tasks_queued exceeds rationed amount
  Continuing with next batch...

Uploading batch 154 / 164  (50 files)...
  Error in batch:  error uploading 9709_w13_qp_21.pdf to student-archive-alevels-pastpapers, Please reduce your request rate. - accesskey_tasks_queued exceeds rationed amount
  Continuing with next batch...

Uploading batch 155 / 164  (50 files)...
  Error in batch:  error uploading 9709_w14_qp_43.pdf to student-archive-alevels-pastpapers, Please reduce your request rate. - accesskey_tasks_queued exceeds rationed amount
  Continuing with next batch...

Uploading batch 156 / 164  (50 files)...
  Error in batch:  error uploading 9709_w15_qp_62.pdf to student-archive-alevels-pastpapers, Please reduce your request rate. - accesskey_tasks_queued exceeds rationed amount
  Continuing with next batch...

Uploading batch 157 / 164  (50 files)...
  Error in batch:  error uploading 9709_w17_gt.pdf to student-archive-alevels-pastpapers, Please reduce your request rate. - accesskey_tasks_queued exceeds rationed amount
  Continuing with next batch...

Uploading batch 158 / 164  (50 files)...
  Error in batch:  error uploading 9709_w18_ms_23.pdf to student-archive-alevels-pastpapers, Please reduce your request rate. - accesskey_tasks_queued exceeds rationed amount
  Continuing with next batch...

Uploading batch 159 / 164  (50 files)...
  Error in batch:  error uploading 9709_w19_ms_43.pdf to student-archive-alevels-pastpapers, Please reduce your request rate. - accesskey_tasks_queued exceeds rationed amount
  Continuing with next batch...

Uploading batch 160 / 164  (50 files)...
  Error in batch:  error uploading 9709_w20_qp_12.pdf to student-archive-alevels-pastpapers, Please reduce your request rate. - accesskey_tasks_queued exceeds rationed amount
  Continuing with next batch...

Uploading batch 161 / 164  (50 files)...
  Error in batch:  error uploading 9709_w21_qp_52.pdf to student-archive-alevels-pastpapers, Please reduce your request rate. - accesskey_tasks_queued exceeds rationed amount
  Continuing with next batch...

Uploading batch 162 / 164  (50 files)...
  Error in batch:  error uploading 9709_w23_ms_23.pdf to student-archive-alevels-pastpapers, Please reduce your request rate. - accesskey_tasks_queued exceeds rationed amount
  Continuing with next batch...

Uploading batch 163 / 164  (50 files)...
  Error in batch:  error uploading 9709_w24_qp_11.pdf to student-archive-alevels-pastpapers, Please reduce your request rate. - accesskey_tasks_queued exceeds rationed amount
  Continuing with next batch...

Uploading batch 164 / 164  (5 files)...
  Error in batch:  error uploading 9709_w25_qp_52.pdf to student-archive-alevels-pastpapers, Please reduce your request rate. - accesskey_tasks_queued exceeds rationed amount
  Continuing with next batch...
