Found 16630 PDFs to upload to archive.org/student-archive-igcse-pastpapers
Checking existing files on archive.org (may take a moment)...
Already uploaded: 5882 files
Files to upload: 11175

Uploading batch 1 / 224  (50 files)...
  Error in batch:  error uploading 0417_s20_ms_11.pdf to student-archive-igcse-pastpapers, Uploaded content is unacceptable. - error checking pdf file
  Continuing with next batch...

Uploading batch 2 / 224  (50 files)...
  Error in batch:  error uploading 0452_m21_qp_11.pdf to student-archive-igcse-pastpapers, Uploaded content is unacceptable. - error checking pdf file
  Continuing with next batch...

Uploading batch 3 / 224  (50 files)...
  Error in batch:  error uploading 0452_s20_er.pdf to student-archive-igcse-pastpapers, Uploaded content is unacceptable. - error checking pdf file
  Continuing with next batch...

Uploading batch 4 / 224  (50 files)...
  Error in batch:  error uploading 0452_w15_er.pdf to student-archive-igcse-pastpapers, Uploaded content is unacceptable. - error checking pdf file
  Continuing with next batch...

Uploading batch 5 / 224  (50 files)...
  Error in batch:  error uploading 0452_w16_qp_11.pdf to student-archive-igcse-pastpapers, Uploaded content is unacceptable. - error checking pdf file
  Continuing with next batch...

Uploading batch 6 / 224  (50 files)...
  Error in batch:  error uploading 0452_w23_er.pdf to student-archive-igcse-pastpapers, Uploaded content is unacceptable. - error checking pdf file
  Continuing with next batch...

Uploading batch 7 / 224  (50 files)...
  Error in batch:  error uploading 0452_w25_er.pdf to student-archive-igcse-pastpapers, Uploaded content is unacceptable. - error checking pdf file
  Continuing with next batch...

Uploading batch 8 / 224  (50 files)...
  Error in batch:  error uploading 0455_m24_er.pdf to student-archive-igcse-pastpapers, Uploaded content is unacceptable. - error checking pdf file
  Continuing with next batch...

Uploading batch 9 / 224  (50 files)...
  Error in batch:  error uploading 0455_s24_er.pdf to student-archive-igcse-pastpapers, Uploaded content is unacceptable. - error checking pdf file
  Continuing with next batch...

Uploading batch 10 / 224  (50 files)...
  Error in batch:  error uploading 0455_w16_ms_11.pdf to student-archive-igcse-pastpapers, Uploaded content is unacceptable. - error checking pdf file
  Continuing with next batch...

Uploading batch 11 / 224  (50 files)...
  Done — responses: [200, 200, 200, 200, 200, 200, 200, 200, 200, 200, 200, 200, 200, 200, 200, 200, 200, 200, 200, 200, 200, 200, 200, 200, 200, 200, 200, 200, 200, 200, 200, 200, 200, 200, 200, 200, 200, 200, 200, 200, 200, 200, 200, 200, 200, 200, 200, 200, 200, 200]

Uploading batch 12 / 224  (50 files)...
  Done — responses: [200, 200, 200, 200, 200, 200, 200, 200, 200, 200, 200, 200, 200, 200, 200, 200, 200, 200, 200, 200, 200, 200, 200, 200, 200, 200, 200, 200, 200, 200, 200, 200, 200, 200, 200, 200, 200, 200, 200, 200, 200, 200, 200, 200, 200, 200, 200, 200, 200, 200]

Uploading batch 13 / 224  (50 files)...
  Done — responses: [200, 200, 200, 200, 200, 200, 200, 200, 200, 200, 200, 200, 200, 200, 200, 200, 200, 200, 200, 200, 200, 200, 200, 200, 200, 200, 200, 200, 200, 200, 200, 200, 200, 200, 200, 200, 200, 200, 200, 200, 200, 200, 200, 200, 200, 200, 200, 200, 200, 200]

Uploading batch 14 / 224  (50 files)...
  Done — responses: [200, 200, 200, 200, 200, 200, 200, 200, 200, 200, 200, 200, 200, 200, 200, 200, 200, 200, 200, 200, 200, 200, 200, 200, 200, 200, 200, 200, 200, 200, 200, 200, 200, 200, 200, 200, 200, 200, 200, 200, 200, 200, 200, 200, 200, 200, 200, 200, 200, 200]

Uploading batch 15 / 224  (50 files)...
  Done — responses: [200, 200, 200, 200, 200, 200, 200, 200, 200, 200, 200, 200, 200, 200, 200, 200, 200, 200, 200, 200, 200, 200, 200, 200, 200, 200, 200, 200, 200, 200, 200, 200, 200, 200, 200, 200, 200, 200, 200, 200, 200, 200, 200, 200, 200, 200, 200, 200, 200, 200]

Uploading batch 16 / 224  (50 files)...
  Done — responses: [200, 200, 200, 200, 200, 200, 200, 200, 200, 200, 200, 200, 200, 200, 200, 200, 200, 200, 200, 200, 200, 200, 200, 200, 200, 200, 200, 200, 200, 200, 200, 200, 200, 200, 200, 200, 200, 200, 200, 200, 200, 200, 200, 200, 200, 200, 200, 200, 200, 200]

Uploading batch 17 / 224  (50 files)...
  Done — responses: [200, 200, 200, 200, 200, 200, 200, 200, 200, 200, 200, 200, 200, 200, 200, 200, 200, 200, 200, 200, 200, 200, 200, 200, 200, 200, 200, 200, 200, 200, 200, 200, 200, 200, 200, 200, 200, 200, 200, 200, 200, 200, 200, 200, 200, 200, 200, 200, 200, 200]

Uploading batch 18 / 224  (50 files)...
  Done — responses: [200, 200, 200, 200, 200, 200, 200, 200, 200, 200, 200, 200, 200, 200, 200, 200, 200, 200, 200, 200, 200, 200, 200, 200, 200, 200, 200, 200, 200, 200, 200, 200, 200, 200, 200, 200, 200, 200, 200, 200, 200, 200, 200, 200, 200, 200, 200, 200, 200, 200]

Uploading batch 19 / 224  (50 files)...
  Done — responses: [200, 200, 200, 200, 200, 200, 200, 200, 200, 200, 200, 200, 200, 200, 200, 200, 200, 200, 200, 200, 200, 200, 200, 200, 200, 200, 200, 200, 200, 200, 200, 200, 200, 200, 200, 200, 200, 200, 200, 200, 200, 200, 200, 200, 200, 200, 200, 200, 200, 200]

Uploading batch 20 / 224  (50 files)...
  Done — responses: [200, 200, 200, 200, 200, 200, 200, 200, 200, 200, 200, 200, 200, 200, 200, 200, 200, 200, 200, 200, 200, 200, 200, 200, 200, 200, 200, 200, 200, 200, 200, 200, 200, 200, 200, 200, 200, 200, 200, 200, 200, 200, 200, 200, 200, 200, 200, 200, 200, 200]

Uploading batch 21 / 224  (50 files)...
  Done — responses: [200, 200, 200, 200, 200, 200, 200, 200, 200, 200, 200, 200, 200, 200, 200, 200, 200, 200, 200, 200, 200, 200, 200, 200, 200, 200, 200, 200, 200, 200, 200, 200, 200, 200, 200, 200, 200, 200, 200, 200, 200, 200, 200, 200, 200, 200, 200, 200, 200, 200]

Uploading batch 22 / 224  (50 files)...
  Done — responses: [200, 200, 200, 200, 200, 200, 200, 200, 200, 200, 200, 200, 200, 200, 200, 200, 200, 200, 200, 200, 200, 200, 200, 200, 200, 200, 200, 200, 200, 200, 200, 200, 200, 200, 200, 200, 200, 200, 200, 200, 200, 200, 200, 200, 200, 200, 200, 200, 200, 200]

Uploading batch 23 / 224  (50 files)...
  Done — responses: [200, 200, 200, 200, 200, 200, 200, 200, 200, 200, 200, 200, 200, 200, 200, 200, 200, 200, 200, 200, 200, 200, 200, 200, 200, 200, 200, 200, 200, 200, 200, 200, 200, 200, 200, 200, 200, 200, 200, 200, 200, 200, 200, 200, 200, 200, 200, 200, 200, 200]

Uploading batch 24 / 224  (50 files)...
  Done — responses: [200, 200, 200, 200, 200, 200, 200, 200, 200, 200, 200, 200, 200, 200, 200, 200, 200, 200, 200, 200, 200, 200, 200, 200, 200, 200, 200, 200, 200, 200, 200, 200, 200, 200, 200, 200, 200, 200, 200, 200, 200, 200, 200, 200, 200, 200, 200, 200, 200, 200]

Uploading batch 25 / 224  (50 files)...
  Done — responses: [200, 200, 200, 200, 200, 200, 200, 200, 200, 200, 200, 200, 200, 200, 200, 200, 200, 200, 200, 200, 200, 200, 200, 200, 200, 200, 200, 200, 200, 200, 200, 200, 200, 200, 200, 200, 200, 200, 200, 200, 200, 200, 200, 200, 200, 200, 200, 200, 200, 200]

Uploading batch 26 / 224  (50 files)...
  Done — responses: [200, 200, 200, 200, 200, 200, 200, 200, 200, 200, 200, 200, 200, 200, 200, 200, 200, 200, 200, 200, 200, 200, 200, 200, 200, 200, 200, 200, 200, 200, 200, 200, 200, 200, 200, 200, 200, 200, 200, 200, 200, 200, 200, 200, 200, 200, 200, 200, 200, 200]

Uploading batch 27 / 224  (50 files)...
  Done — responses: [200, 200, 200, 200, 200, 200, 200, 200, 200, 200, 200, 200, 200, 200, 200, 200, 200, 200, 200, 200, 200, 200, 200, 200, 200, 200, 200, 200, 200, 200, 200, 200, 200, 200, 200, 200, 200, 200, 200, 200, 200, 200, 200, 200, 200, 200, 200, 200, 200, 200]

Uploading batch 28 / 224  (50 files)...
  Done — responses: [200, 200, 200, 200, 200, 200, 200, 200, 200, 200, 200, 200, 200, 200, 200, 200, 200, 200, 200, 200, 200, 200, 200, 200, 200, 200, 200, 200, 200, 200, 200, 200, 200, 200, 200, 200, 200, 200, 200, 200, 200, 200, 200, 200, 200, 200, 200, 200, 200, 200]

Uploading batch 29 / 224  (50 files)...
  Done — responses: [200, 200, 200, 200, 200, 200, 200, 200, 200, 200, 200, 200, 200, 200, 200, 200, 200, 200, 200, 200, 200, 200, 200, 200, 200, 200, 200, 200, 200, 200, 200, 200, 200, 200, 200, 200, 200, 200, 200, 200, 200, 200, 200, 200, 200, 200, 200, 200, 200, 200]

Uploading batch 30 / 224  (50 files)...
  Done — responses: [200, 200, 200, 200, 200, 200, 200, 200, 200, 200, 200, 200, 200, 200, 200, 200, 200, 200, 200, 200, 200, 200, 200, 200, 200, 200, 200, 200, 200, 200, 200, 200, 200, 200, 200, 200, 200, 200, 200, 200, 200, 200, 200, 200, 200, 200, 200, 200, 200, 200]

Uploading batch 31 / 224  (50 files)...
  Done — responses: [200, 200, 200, 200, 200, 200, 200, 200, 200, 200, 200, 200, 200, 200, 200, 200, 200, 200, 200, 200, 200, 200, 200, 200, 200, 200, 200, 200, 200, 200, 200, 200, 200, 200, 200, 200, 200, 200, 200, 200, 200, 200, 200, 200, 200, 200, 200, 200, 200, 200]

Uploading batch 32 / 224  (50 files)...
  Done — responses: [200, 200, 200, 200, 200, 200, 200, 200, 200, 200, 200, 200, 200, 200, 200, 200, 200, 200, 200, 200, 200, 200, 200, 200, 200, 200, 200, 200, 200, 200, 200, 200, 200, 200, 200, 200, 200, 200, 200, 200, 200, 200, 200, 200, 200, 200, 200, 200, 200, 200]

Uploading batch 33 / 224  (50 files)...
  Done — responses: [200, 200, 200, 200, 200, 200, 200, 200, 200, 200, 200, 200, 200, 200, 200, 200, 200, 200, 200, 200, 200, 200, 200, 200, 200, 200, 200, 200, 200, 200, 200, 200, 200, 200, 200, 200, 200, 200, 200, 200, 200, 200, 200, 200, 200, 200, 200, 200, 200, 200]

Uploading batch 34 / 224  (50 files)...
  Done — responses: [200, 200, 200, 200, 200, 200, 200, 200, 200, 200, 200, 200, 200, 200, 200, 200, 200, 200, 200, 200, 200, 200, 200, 200, 200, 200, 200, 200, 200, 200, 200, 200, 200, 200, 200, 200, 200, 200, 200, 200, 200, 200, 200, 200, 200, 200, 200, 200, 200, 200]

Uploading batch 35 / 224  (50 files)...
  Error in batch: Error retrieving metadata from https://archive.org/metadata/student-archive-igcse-pastpapers, (MaxRetryError('HTTPSConnectionPool(host=\'archive.org\', port=443): Max retries exceeded with url: /metadata/student-archive-igcse-pastpapers (Caused by ReadTimeoutError("HTTPSConnectionPool(host=\'archive.org\', port=443): Read timed out. (read timeout=12)"))'), 'https://archive.org/metadata/student-archive-igcse-pastpapers')
  Continuing with next batch...

Uploading batch 36 / 224  (50 files)...
  Done — responses: [200, 200, 200, 200, 200, 200, 200, 200, 200, 200, 200, 200, 200, 200, 200, 200, 200, 200, 200, 200, 200, 200, 200, 200, 200, 200, 200, 200, 200, 200, 200, 200, 200, 200, 200, 200, 200, 200, 200, 200, 200, 200, 200, 200, 200, 200, 200, 200, 200, 200]

Uploading batch 37 / 224  (50 files)...
  Done — responses: [200, 200, 200, 200, 200, 200, 200, 200, 200, 200, 200, 200, 200, 200, 200, 200, 200, 200, 200, 200, 200, 200, 200, 200, 200, 200, 200, 200, 200, 200, 200, 200, 200, 200, 200, 200, 200, 200, 200, 200, 200, 200, 200, 200, 200, 200, 200, 200, 200, 200]

Uploading batch 38 / 224  (50 files)...
  Done — responses: [200, 200, 200, 200, 200, 200, 200, 200, 200, 200, 200, 200, 200, 200, 200, 200, 200, 200, 200, 200, 200, 200, 200, 200, 200, 200, 200, 200, 200, 200, 200, 200, 200, 200, 200, 200, 200, 200, 200, 200, 200, 200, 200, 200, 200, 200, 200, 200, 200, 200]

Uploading batch 39 / 224  (50 files)...
  Done — responses: [200, 200, 200, 200, 200, 200, 200, 200, 200, 200, 200, 200, 200, 200, 200, 200, 200, 200, 200, 200, 200, 200, 200, 200, 200, 200, 200, 200, 200, 200, 200, 200, 200, 200, 200, 200, 200, 200, 200, 200, 200, 200, 200, 200, 200, 200, 200, 200, 200, 200]

Uploading batch 40 / 224  (50 files)...
  Done — responses: [200, 200, 200, 200, 200, 200, 200, 200, 200, 200, 200, 200, 200, 200, 200, 200, 200, 200, 200, 200, 200, 200, 200, 200, 200, 200, 200, 200, 200, 200, 200, 200, 200, 200, 200, 200, 200, 200, 200, 200, 200, 200, 200, 200, 200, 200, 200, 200, 200, 200]

Uploading batch 41 / 224  (50 files)...
  Error in batch:  error uploading 0610_s18_er.pdf to student-archive-igcse-pastpapers, Uploaded content is unacceptable. - error checking pdf file
  Continuing with next batch...

Uploading batch 42 / 224  (50 files)...
  Error in batch:  error uploading 0610_s20_er.pdf to student-archive-igcse-pastpapers, Uploaded content is unacceptable. - error checking pdf file
  Continuing with next batch...

Uploading batch 43 / 224  (50 files)...
  Done — responses: [200, 200, 200, 200, 200, 200, 200, 200, 200, 200, 200, 200, 200, 200, 200, 200, 200, 200, 200, 200, 200, 200, 200, 200, 200, 200, 200, 200, 200, 200, 200, 200, 200, 200, 200, 200, 200, 200, 200, 200, 200, 200, 200, 200, 200, 200, 200, 200, 200, 200]

Uploading batch 44 / 224  (50 files)...
  Done — responses: [200, 200, 200, 200, 200, 200, 200, 200, 200, 200, 200, 200, 200, 200, 200, 200, 200, 200, 200, 200, 200, 200, 200, 200, 200, 200, 200, 200, 200, 200, 200, 200, 200, 200, 200, 200, 200, 200, 200, 200, 200, 200, 200, 200, 200, 200, 200, 200, 200, 200]

Uploading batch 45 / 224  (50 files)...
  Error in batch:  error uploading 0610_s24_er.pdf to student-archive-igcse-pastpapers, Uploaded content is unacceptable. - error checking pdf file
  Continuing with next batch...

Uploading batch 46 / 224  (50 files)...
  Done — responses: [200, 200, 200, 200, 200, 200, 200, 200, 200, 200, 200, 200, 200, 200, 200, 200, 200, 200, 200, 200, 200, 200, 200, 200, 200, 200, 200, 200, 200, 200, 200, 200, 200, 200, 200, 200, 200, 200, 200, 200, 200, 200, 200, 200, 200, 200, 200, 200, 200, 200]

Uploading batch 47 / 224  (50 files)...
  Done — responses: [200, 200, 200, 200, 200, 200, 200, 200, 200, 200, 200, 200, 200, 200, 200, 200, 200, 200, 200, 200, 200, 200, 200, 200, 200, 200, 200, 200, 200, 200, 200, 200, 200, 200, 200, 200, 200, 200, 200, 200, 200, 200, 200, 200, 200, 200, 200, 200, 200, 200]

Uploading batch 48 / 224  (50 files)...
  Done — responses: [200, 200, 200, 200, 200, 200, 200, 200, 200, 200, 200, 200, 200, 200, 200, 200, 200, 200, 200, 200, 200, 200, 200, 200, 200, 200, 200, 200, 200, 200, 200, 200, 200, 200, 200, 200, 200, 200, 200, 200, 200, 200, 200, 200, 200, 200, 200, 200, 200, 200]

Uploading batch 49 / 224  (50 files)...
  Done — responses: [200, 200, 200, 200, 200, 200, 200, 200, 200, 200, 200, 200, 200, 200, 200, 200, 200, 200, 200, 200, 200, 200, 200, 200, 200, 200, 200, 200, 200, 200, 200, 200, 200, 200, 200, 200, 200, 200, 200, 200, 200, 200, 200, 200, 200, 200, 200, 200, 200, 200]

Uploading batch 50 / 224  (50 files)...
  Done — responses: [200, 200, 200, 200, 200, 200, 200, 200, 200, 200, 200, 200, 200, 200, 200, 200, 200, 200, 200, 200, 200, 200, 200, 200, 200, 200, 200, 200, 200, 200, 200, 200, 200, 200, 200, 200, 200, 200, 200, 200, 200, 200, 200, 200, 200, 200, 200, 200, 200, 200]

Uploading batch 51 / 224  (50 files)...
  Error in batch:  error uploading 0610_w17_er.pdf to student-archive-igcse-pastpapers, Uploaded content is unacceptable. - error checking pdf file
  Continuing with next batch...

Uploading batch 52 / 224  (50 files)...
  Done — responses: [200, 200, 200, 200, 200, 200, 200, 200, 200, 200, 200, 200, 200, 200, 200, 200, 200, 200, 200, 200, 200, 200, 200, 200, 200, 200, 200, 200, 200, 200, 200, 200, 200, 200, 200, 200, 200, 200, 200, 200, 200, 200, 200, 200, 200, 200, 200, 200, 200, 200]

Uploading batch 53 / 224  (50 files)...
  Error in batch:  error uploading 0610_w23_er.pdf to student-archive-igcse-pastpapers, Uploaded content is unacceptable. - error checking pdf file
  Continuing with next batch...

Uploading batch 54 / 224  (50 files)...
  Error in batch:  error uploading 0610_w24_er.pdf to student-archive-igcse-pastpapers, Uploaded content is unacceptable. - error checking pdf file
  Continuing with next batch...

Uploading batch 55 / 224  (50 files)...
  Error in batch:  error uploading 0620_m20_er.pdf to student-archive-igcse-pastpapers, Uploaded content is unacceptable. - error checking pdf file
  Continuing with next batch...

Uploading batch 56 / 224  (50 files)...
  Error in batch:  error uploading 0620_w11_er.pdf to student-archive-igcse-pastpapers, Uploaded content is unacceptable. - error checking pdf file
  Continuing with next batch...

Uploading batch 57 / 224  (50 files)...
  Error in batch:  error uploading 0620_w17_er.pdf to student-archive-igcse-pastpapers, Uploaded content is unacceptable. - error checking pdf file
  Continuing with next batch...

Uploading batch 58 / 224  (50 files)...
  Error in batch:  error uploading 0620_w18_er.pdf to student-archive-igcse-pastpapers, Uploaded content is unacceptable. - error checking pdf file
  Continuing with next batch...

Uploading batch 59 / 224  (50 files)...
  Error in batch:  error uploading 0620_w25_er.pdf to student-archive-igcse-pastpapers, Uploaded content is unacceptable. - error checking pdf file
  Continuing with next batch...

Uploading batch 60 / 224  (50 files)...
  Error in batch:  error uploading 0625_s20_er.pdf to student-archive-igcse-pastpapers, Uploaded content is unacceptable. - error checking pdf file
  Continuing with next batch...

Uploading batch 61 / 224  (50 files)...
  Error in batch:  error uploading 0625_w24_er.pdf to student-archive-igcse-pastpapers, Uploaded content is unacceptable. - error checking pdf file
  Continuing with next batch...

Uploading batch 62 / 224  (50 files)...
  Done — responses: [200, 200, 200, 200, 200, 200, 200, 200, 200, 200, 200, 200, 200, 200, 200, 200, 200, 200, 200, 200, 200, 200, 200, 200, 200, 200, 200, 200, 200, 200, 200, 200, 200, 200, 200, 200, 200, 200, 200, 200, 200, 200, 200, 200, 200, 200, 200, 200, 200, 200]

Uploading batch 63 / 224  (50 files)...
  Done — responses: [200, 200, 200, 200, 200, 200, 200, 200, 200, 200, 200, 200, 200, 200, 200, 200, 200, 200, 200, 200, 200, 200, 200, 200, 200, 200, 200, 200, 200, 200, 200, 200, 200, 200, 200, 200, 200, 200, 200, 200, 200, 200, 200, 200, 200, 200, 200, 200, 200, 200]

Uploading batch 64 / 224  (50 files)...
  Done — responses: [200, 200, 200, 200, 200, 200, 200, 200, 200, 200, 200, 200, 200, 200, 200, 200, 200, 200, 200, 200, 200, 200, 200, 200, 200, 200, 200, 200, 200, 200, 200, 200, 200, 200, 200, 200, 200, 200, 200, 200, 200, 200, 200, 200, 200, 200, 200, 200, 200, 200]

Uploading batch 65 / 224  (50 files)...
  Done — responses: [200, 200, 200, 200, 200, 200, 200, 200, 200, 200, 200, 200, 200, 200, 200, 200, 200, 200, 200, 200, 200, 200, 200, 200, 200, 200, 200, 200, 200, 200, 200, 200, 200, 200, 200, 200, 200, 200, 200, 200, 200, 200, 200, 200, 200, 200, 200, 200, 200, 200]

Uploading batch 66 / 224  (50 files)...
  Done — responses: [200, 200, 200, 200, 200, 200, 200, 200, 200, 200, 200, 200, 200, 200, 200, 200, 200, 200, 200, 200, 200, 200, 200, 200, 200, 200, 200, 200, 200, 200, 200, 200, 200, 200, 200, 200, 200, 200, 200, 200, 200, 200, 200, 200, 200, 200, 200, 200, 200, 200]

Uploading batch 67 / 224  (50 files)...
  Done — responses: [200, 200, 200, 200, 200, 200, 200, 200, 200, 200, 200, 200, 200, 200, 200, 200, 200, 200, 200, 200, 200, 200, 200, 200, 200, 200, 200, 200, 200, 200, 200, 200, 200, 200, 200, 200, 200, 200, 200, 200, 200, 200, 200, 200, 200, 200, 200, 200, 200, 200]

Uploading batch 68 / 224  (50 files)...
  Done — responses: [200, 200, 200, 200, 200, 200, 200, 200, 200, 200, 200, 200, 200, 200, 200, 200, 200, 200, 200, 200, 200, 200, 200, 200, 200, 200, 200, 200, 200, 200, 200, 200, 200, 200, 200, 200, 200, 200, 200, 200, 200, 200, 200, 200, 200, 200, 200, 200, 200, 200]

Uploading batch 69 / 224  (50 files)...
  Done — responses: [200, 200, 200, 200, 200, 200, 200, 200, 200, 200, 200, 200, 200, 200, 200, 200, 200, 200, 200, 200, 200, 200, 200, 200, 200, 200, 200, 200, 200, 200, 200, 200, 200, 200, 200, 200, 200, 200, 200, 200, 200, 200, 200, 200, 200, 200, 200, 200, 200, 200]

Uploading batch 70 / 224  (50 files)...
  Done — responses: [200, 200, 200, 200, 200, 200, 200, 200, 200, 200, 200, 200, 200, 200, 200, 200, 200, 200, 200, 200, 200, 200, 200, 200, 200, 200, 200, 200, 200, 200, 200, 200, 200, 200, 200, 200, 200, 200, 200, 200, 200, 200, 200, 200, 200, 200, 200, 200, 200, 200]

Uploading batch 71 / 224  (50 files)...
  Error in batch: Error retrieving metadata from https://archive.org/metadata/student-archive-igcse-pastpapers, HTTPSConnectionPool(host='archive.org', port=443): Read timed out.
  Continuing with next batch...

Uploading batch 72 / 224  (50 files)...
  Error in batch: Error retrieving metadata from https://archive.org/metadata/student-archive-igcse-pastpapers, (MaxRetryError('HTTPSConnectionPool(host=\'archive.org\', port=443): Max retries exceeded with url: /metadata/student-archive-igcse-pastpapers (Caused by ReadTimeoutError("HTTPSConnectionPool(host=\'archive.org\', port=443): Read timed out. (read timeout=12)"))'), 'https://archive.org/metadata/student-archive-igcse-pastpapers')
  Continuing with next batch...

Uploading batch 73 / 224  (50 files)...
  Done — responses: [200, 200, 200, 200, 200, 200, 200, 200, 200, 200, 200, 200, 200, 200, 200, 200, 200, 200, 200, 200, 200, 200, 200, 200, 200, 200, 200, 200, 200, 200, 200, 200, 200, 200, 200, 200, 200, 200, 200, 200, 200, 200, 200, 200, 200, 200, 200, 200, 200, 200]

Uploading batch 74 / 224  (50 files)...
  Done — responses: [200, 200, 200, 200, 200, 200, 200, 200, 200, 200, 200, 200, 200, 200, 200, 200, 200, 200, 200, 200, 200, 200, 200, 200, 200, 200, 200, 200, 200, 200, 200, 200, 200, 200, 200, 200, 200, 200, 200, 200, 200, 200, 200, 200, 200, 200, 200, 200, 200, 200]

Uploading batch 75 / 224  (50 files)...
  Done — responses: [200, 200, 200, 200, 200, 200, 200, 200, 200, 200, 200, 200, 200, 200, 200, 200, 200, 200, 200, 200, 200, 200, 200, 200, 200, 200, 200, 200, 200, 200, 200, 200, 200, 200, 200, 200, 200, 200, 200, 200, 200, 200, 200, 200, 200, 200, 200, 200, 200, 200]

Uploading batch 76 / 224  (50 files)...
  Done — responses: [200, 200, 200, 200, 200, 200, 200, 200, 200, 200, 200, 200, 200, 200, 200, 200, 200, 200, 200, 200, 200, 200, 200, 200, 200, 200, 200, 200, 200, 200, 200, 200, 200, 200, 200, 200, 200, 200, 200, 200, 200, 200, 200, 200, 200, 200, 200, 200, 200, 200]

Uploading batch 77 / 224  (50 files)...
  Done — responses: [200, 200, 200, 200, 200, 200, 200, 200, 200, 200, 200, 200, 200, 200, 200, 200, 200, 200, 200, 200, 200, 200, 200, 200, 200, 200, 200, 200, 200, 200, 200, 200, 200, 200, 200, 200, 200, 200, 200, 200, 200, 200, 200, 200, 200, 200, 200, 200, 200, 200]

Uploading batch 78 / 224  (50 files)...
  Done — responses: [200, 200, 200, 200, 200, 200, 200, 200, 200, 200, 200, 200, 200, 200, 200, 200, 200, 200, 200, 200, 200, 200, 200, 200, 200, 200, 200, 200, 200, 200, 200, 200, 200, 200, 200, 200, 200, 200, 200, 200, 200, 200, 200, 200, 200, 200, 200, 200, 200, 200]

Uploading batch 79 / 224  (50 files)...
  Done — responses: [200, 200, 200, 200, 200, 200, 200, 200, 200, 200, 200, 200, 200, 200, 200, 200, 200, 200, 200, 200, 200, 200, 200, 200, 200, 200, 200, 200, 200, 200, 200, 200, 200, 200, 200, 200, 200, 200, 200, 200, 200, 200, 200, 200, 200, 200, 200, 200, 200, 200]

Uploading batch 80 / 224  (50 files)...
  Done — responses: [200, 200, 200, 200, 200, 200, 200, 200, 200, 200, 200, 200, 200, 200, 200, 200, 200, 200, 200, 200, 200, 200, 200, 200, 200, 200, 200, 200, 200, 200, 200, 200, 200, 200, 200, 200, 200, 200, 200, 200, 200, 200, 200, 200, 200, 200, 200, 200, 200, 200]

Uploading batch 81 / 224  (50 files)...
  Done — responses: [200, 200, 200, 200, 200, 200, 200, 200, 200, 200, 200, 200, 200, 200, 200, 200, 200, 200, 200, 200, 200, 200, 200, 200, 200, 200, 200, 200, 200, 200, 200, 200, 200, 200, 200, 200, 200, 200, 200, 200, 200, 200, 200, 200, 200, 200, 200, 200, 200, 200]

Uploading batch 82 / 224  (50 files)...
  Error in batch: Error retrieving metadata from https://archive.org/metadata/student-archive-igcse-pastpapers, (MaxRetryError("HTTPSConnectionPool(host='archive.org', port=443): Max retries exceeded with url: /metadata/student-archive-igcse-pastpapers (Caused by ResponseError('too many 502 error responses'))"), 'https://archive.org/metadata/student-archive-igcse-pastpapers')
  Continuing with next batch...

Uploading batch 83 / 224  (50 files)...
  Error in batch: (ProtocolError('Connection aborted.', ConnectionResetError(10054, 'An existing connection was forcibly closed by the remote host', None, 10054, None)), 'https://s3.us.archive.org/student-archive-igcse-pastpapers/9231_s24_qp_21.pdf')
  Continuing with next batch...

Uploading batch 84 / 224  (50 files)...
  Done — responses: [200, 200, 200, 200, 200, 200, 200, 200, 200, 200, 200, 200, 200, 200, 200, 200, 200, 200, 200, 200, 200, 200, 200, 200, 200, 200, 200, 200, 200, 200, 200, 200, 200, 200, 200, 200, 200, 200, 200, 200, 200, 200, 200, 200, 200, 200, 200, 200, 200, 200]

Uploading batch 85 / 224  (50 files)...
  Done — responses: [200, 200, 200, 200, 200, 200, 200, 200, 200, 200, 200, 200, 200, 200, 200, 200, 200, 200, 200, 200, 200, 200, 200, 200, 200, 200, 200, 200, 200, 200, 200, 200, 200, 200, 200, 200, 200, 200, 200, 200, 200, 200, 200, 200, 200, 200, 200, 200, 200, 200]

Uploading batch 86 / 224  (50 files)...
  Done — responses: [200, 200, 200, 200, 200, 200, 200, 200, 200, 200, 200, 200, 200, 200, 200, 200, 200, 200, 200, 200, 200, 200, 200, 200, 200, 200, 200, 200, 200, 200, 200, 200, 200, 200, 200, 200, 200, 200, 200, 200, 200, 200, 200, 200, 200, 200, 200, 200, 200, 200]

Uploading batch 87 / 224  (50 files)...
  Done — responses: [200, 200, 200, 200, 200, 200, 200, 200, 200, 200, 200, 200, 200, 200, 200, 200, 200, 200, 200, 200, 200, 200, 200, 200, 200, 200, 200, 200, 200, 200, 200, 200, 200, 200, 200, 200, 200, 200, 200, 200, 200, 200, 200, 200, 200, 200, 200, 200, 200, 200]

Uploading batch 88 / 224  (50 files)...
  Error in batch: Error retrieving metadata from https://archive.org/metadata/student-archive-igcse-pastpapers, HTTPSConnectionPool(host='archive.org', port=443): Read timed out.
  Continuing with next batch...

Uploading batch 89 / 224  (50 files)...
  Done — responses: [200, 200, 200, 200, 200, 200, 200, 200, 200, 200, 200, 200, 200, 200, 200, 200, 200, 200, 200, 200, 200, 200, 200, 200, 200, 200, 200, 200, 200, 200, 200, 200, 200, 200, 200, 200, 200, 200, 200, 200, 200, 200, 200, 200, 200, 200, 200, 200, 200, 200]

Uploading batch 90 / 224  (50 files)...
  Done — responses: [200, 200, 200, 200, 200, 200, 200, 200, 200, 200, 200, 200, 200, 200, 200, 200, 200, 200, 200, 200, 200, 200, 200, 200, 200, 200, 200, 200, 200, 200, 200, 200, 200, 200, 200, 200, 200, 200, 200, 200, 200, 200, 200, 200, 200, 200, 200, 200, 200, 200]

Uploading batch 91 / 224  (50 files)...
  Done — responses: [200, 200, 200, 200, 200, 200, 200, 200, 200, 200, 200, 200, 200, 200, 200, 200, 200, 200, 200, 200, 200, 200, 200, 200, 200, 200, 200, 200, 200, 200, 200, 200, 200, 200, 200, 200, 200, 200, 200, 200, 200, 200, 200, 200, 200, 200, 200, 200, 200, 200]

Uploading batch 92 / 224  (50 files)...
  Done — responses: [200, 200, 200, 200, 200, 200, 200, 200, 200, 200, 200, 200, 200, 200, 200, 200, 200, 200, 200, 200, 200, 200, 200, 200, 200, 200, 200, 200, 200, 200, 200, 200, 200, 200, 200, 200, 200, 200, 200, 200, 200, 200, 200, 200, 200, 200, 200, 200, 200, 200]

Uploading batch 93 / 224  (50 files)...
  Error in batch:  error uploading 9608_w17_qp_11.pdf to student-archive-igcse-pastpapers, Uploaded content is unacceptable. - error checking pdf file
  Continuing with next batch...

Uploading batch 94 / 224  (50 files)...
  Done — responses: [200, 200, 200, 200, 200, 200, 200, 200, 200, 200, 200, 200, 200, 200, 200, 200, 200, 200, 200, 200, 200, 200, 200, 200, 200, 200, 200, 200, 200, 200, 200, 200, 200, 200, 200, 200, 200, 200, 200, 200, 200, 200, 200, 200, 200, 200, 200, 200, 200, 200]

Uploading batch 95 / 224  (50 files)...
  Done — responses: [200, 200, 200, 200, 200, 200, 200, 200, 200, 200, 200, 200, 200, 200, 200, 200, 200, 200, 200, 200, 200, 200, 200, 200, 200, 200, 200, 200, 200, 200, 200, 200, 200, 200, 200, 200, 200, 200, 200, 200, 200, 200, 200, 200, 200, 200, 200, 200, 200, 200]

Uploading batch 96 / 224  (50 files)...
  Done — responses: [200, 200, 200, 200, 200, 200, 200, 200, 200, 200, 200, 200, 200, 200, 200, 200, 200, 200, 200, 200, 200, 200, 200, 200, 200, 200, 200, 200, 200, 200, 200, 200, 200, 200, 200, 200, 200, 200, 200, 200, 200, 200, 200, 200, 200, 200, 200, 200, 200, 200]

Uploading batch 97 / 224  (50 files)...
  Done — responses: [200, 200, 200, 200, 200, 200, 200, 200, 200, 200, 200, 200, 200, 200, 200, 200, 200, 200, 200, 200, 200, 200, 200, 200, 200, 200, 200, 200, 200, 200, 200, 200, 200, 200, 200, 200, 200, 200, 200, 200, 200, 200, 200, 200, 200, 200, 200, 200, 200, 200]

Uploading batch 98 / 224  (50 files)...
  Done — responses: [200, 200, 200, 200, 200, 200, 200, 200, 200, 200, 200, 200, 200, 200, 200, 200, 200, 200, 200, 200, 200, 200, 200, 200, 200, 200, 200, 200, 200, 200, 200, 200, 200, 200, 200, 200, 200, 200, 200, 200, 200, 200, 200, 200, 200, 200, 200, 200, 200, 200]

Uploading batch 99 / 224  (50 files)...
  Done — responses: [200, 200, 200, 200, 200, 200, 200, 200, 200, 200, 200, 200, 200, 200, 200, 200, 200, 200, 200, 200, 200, 200, 200, 200, 200, 200, 200, 200, 200, 200, 200, 200, 200, 200, 200, 200, 200, 200, 200, 200, 200, 200, 200, 200, 200, 200, 200, 200, 200, 200]

Uploading batch 100 / 224  (50 files)...
  Done — responses: [200, 200, 200, 200, 200, 200, 200, 200, 200, 200, 200, 200, 200, 200, 200, 200, 200, 200, 200, 200, 200, 200, 200, 200, 200, 200, 200, 200, 200, 200, 200, 200, 200, 200, 200, 200, 200, 200, 200, 200, 200, 200, 200, 200, 200, 200, 200, 200, 200, 200]

Uploading batch 101 / 224  (50 files)...
  Done — responses: [200, 200, 200, 200, 200, 200, 200, 200, 200, 200, 200, 200, 200, 200, 200, 200, 200, 200, 200, 200, 200, 200, 200, 200, 200, 200, 200, 200, 200, 200, 200, 200, 200, 200, 200, 200, 200, 200, 200, 200, 200, 200, 200, 200, 200, 200, 200, 200, 200, 200]

Uploading batch 102 / 224  (50 files)...
  Done — responses: [200, 200, 200, 200, 200, 200, 200, 200, 200, 200, 200, 200, 200, 200, 200, 200, 200, 200, 200, 200, 200, 200, 200, 200, 200, 200, 200, 200, 200, 200, 200, 200, 200, 200, 200, 200, 200, 200, 200, 200, 200, 200, 200, 200, 200, 200, 200, 200, 200, 200]

Uploading batch 103 / 224  (50 files)...
  Error in batch: Error retrieving metadata from https://archive.org/metadata/student-archive-igcse-pastpapers, (MaxRetryError('HTTPSConnectionPool(host=\'archive.org\', port=443): Max retries exceeded with url: /metadata/student-archive-igcse-pastpapers (Caused by ReadTimeoutError("HTTPSConnectionPool(host=\'archive.org\', port=443): Read timed out. (read timeout=12)"))'), 'https://archive.org/metadata/student-archive-igcse-pastpapers')
  Continuing with next batch...

Uploading batch 104 / 224  (50 files)...
  Done — responses: [200, 200, 200, 200, 200, 200, 200, 200, 200, 200, 200, 200, 200, 200, 200, 200, 200, 200, 200, 200, 200, 200, 200, 200, 200, 200, 200, 200, 200, 200, 200, 200, 200, 200, 200, 200, 200, 200, 200, 200, 200, 200, 200, 200, 200, 200, 200, 200, 200, 200]

Uploading batch 105 / 224  (50 files)...
  Done — responses: [200, 200, 200, 200, 200, 200, 200, 200, 200, 200, 200, 200, 200, 200, 200, 200, 200, 200, 200, 200, 200, 200, 200, 200, 200, 200, 200, 200, 200, 200, 200, 200, 200, 200, 200, 200, 200, 200, 200, 200, 200, 200, 200, 200, 200, 200, 200, 200, 200, 200]

Uploading batch 106 / 224  (50 files)...
  Done — responses: [200, 200, 200, 200, 200, 200, 200, 200, 200, 200, 200, 200, 200, 200, 200, 200, 200, 200, 200, 200, 200, 200, 200, 200, 200, 200, 200, 200, 200, 200, 200, 200, 200, 200, 200, 200, 200, 200, 200, 200, 200, 200, 200, 200, 200, 200, 200, 200, 200, 200]

Uploading batch 107 / 224  (50 files)...
  Done — responses: [200, 200, 200, 200, 200, 200, 200, 200, 200, 200, 200, 200, 200, 200, 200, 200, 200, 200, 200, 200, 200, 200, 200, 200, 200, 200, 200, 200, 200, 200, 200, 200, 200, 200, 200, 200, 200, 200, 200, 200, 200, 200, 200, 200, 200, 200, 200, 200, 200, 200]

Uploading batch 108 / 224  (50 files)...
  Done — responses: [200, 200, 200, 200, 200, 200, 200, 200, 200, 200, 200, 200, 200, 200, 200, 200, 200, 200, 200, 200, 200, 200, 200, 200, 200, 200, 200, 200, 200, 200, 200, 200, 200, 200, 200, 200, 200, 200, 200, 200, 200, 200, 200, 200, 200, 200, 200, 200, 200, 200]

Uploading batch 109 / 224  (50 files)...
  Done — responses: [200, 200, 200, 200, 200, 200, 200, 200, 200, 200, 200, 200, 200, 200, 200, 200, 200, 200, 200, 200, 200, 200, 200, 200, 200, 200, 200, 200, 200, 200, 200, 200, 200, 200, 200, 200, 200, 200, 200, 200, 200, 200, 200, 200, 200, 200, 200, 200, 200, 200]

Uploading batch 110 / 224  (50 files)...
  Done — responses: [200, 200, 200, 200, 200, 200, 200, 200, 200, 200, 200, 200, 200, 200, 200, 200, 200, 200, 200, 200, 200, 200, 200, 200, 200, 200, 200, 200, 200, 200, 200, 200, 200, 200, 200, 200, 200, 200, 200, 200, 200, 200, 200, 200, 200, 200, 200, 200, 200, 200]

Uploading batch 111 / 224  (50 files)...
  Error in batch:  error uploading 9700_s13_ms_42.pdf to student-archive-igcse-pastpapers, Please reduce your request rate. - accesskey_tasks_queued exceeds rationed amount
  Continuing with next batch...

Uploading batch 112 / 224  (50 files)...
  Error in batch: Error retrieving metadata from https://archive.org/metadata/student-archive-igcse-pastpapers, (MaxRetryError('HTTPSConnectionPool(host=\'archive.org\', port=443): Max retries exceeded with url: /metadata/student-archive-igcse-pastpapers (Caused by ReadTimeoutError("HTTPSConnectionPool(host=\'archive.org\', port=443): Read timed out. (read timeout=12)"))'), 'https://archive.org/metadata/student-archive-igcse-pastpapers')
  Continuing with next batch...

Uploading batch 113 / 224  (50 files)...
  Error in batch: Error retrieving metadata from https://archive.org/metadata/student-archive-igcse-pastpapers, (MaxRetryError('HTTPSConnectionPool(host=\'archive.org\', port=443): Max retries exceeded with url: /metadata/student-archive-igcse-pastpapers (Caused by ReadTimeoutError("HTTPSConnectionPool(host=\'archive.org\', port=443): Read timed out. (read timeout=12)"))'), 'https://archive.org/metadata/student-archive-igcse-pastpapers')
  Continuing with next batch...

Uploading batch 114 / 224  (50 files)...
  Error in batch: Error retrieving metadata from https://archive.org/metadata/student-archive-igcse-pastpapers, (MaxRetryError("HTTPSConnectionPool(host='archive.org', port=443): Max retries exceeded with url: /metadata/student-archive-igcse-pastpapers (Caused by ConnectTimeoutError(<HTTPSConnection(host='archive.org', port=443) at 0x1fa02b851d0>, 'Connection to archive.org timed out. (connect timeout=12)'))"), 'https://archive.org/metadata/student-archive-igcse-pastpapers')
  Continuing with next batch...

Uploading batch 115 / 224  (50 files)...
  Error in batch: Error retrieving metadata from https://archive.org/metadata/student-archive-igcse-pastpapers, (MaxRetryError("HTTPSConnectionPool(host='archive.org', port=443): Max retries exceeded with url: /metadata/student-archive-igcse-pastpapers (Caused by ConnectTimeoutError(<HTTPSConnection(host='archive.org', port=443) at 0x1fa02b85950>, 'Connection to archive.org timed out. (connect timeout=12)'))"), 'https://archive.org/metadata/student-archive-igcse-pastpapers')
  Continuing with next batch...

Uploading batch 116 / 224  (50 files)...
  Done — responses: [200, 200, 200, 200, 200, 200, 200, 200, 200, 200, 200, 200, 200, 200, 200, 200, 200, 200, 200, 200, 200, 200, 200, 200, 200, 200, 200, 200, 200, 200, 200, 200, 200, 200, 200, 200, 200, 200, 200, 200, 200, 200, 200, 200, 200, 200, 200, 200, 200, 200]

Uploading batch 117 / 224  (50 files)...
  Done — responses: [200, 200, 200, 200, 200, 200, 200, 200, 200, 200, 200, 200, 200, 200, 200, 200, 200, 200, 200, 200, 200, 200, 200, 200, 200, 200, 200, 200, 200, 200, 200, 200, 200, 200, 200, 200, 200, 200, 200, 200, 200, 200, 200, 200, 200, 200, 200, 200, 200, 200]

Uploading batch 118 / 224  (50 files)...
  Done — responses: [200, 200, 200, 200, 200, 200, 200, 200, 200, 200, 200, 200, 200, 200, 200, 200, 200, 200, 200, 200, 200, 200, 200, 200, 200, 200, 200, 200, 200, 200, 200, 200, 200, 200, 200, 200, 200, 200, 200, 200, 200, 200, 200, 200, 200, 200, 200, 200, 200, 200]

Uploading batch 119 / 224  (50 files)...
  Done — responses: [200, 200, 200, 200, 200, 200, 200, 200, 200, 200, 200, 200, 200, 200, 200, 200, 200, 200, 200, 200, 200, 200, 200, 200, 200, 200, 200, 200, 200, 200, 200, 200, 200, 200, 200, 200, 200, 200, 200, 200, 200, 200, 200, 200, 200, 200, 200, 200, 200, 200]

Uploading batch 120 / 224  (50 files)...
  Done — responses: [200, 200, 200, 200, 200, 200, 200, 200, 200, 200, 200, 200, 200, 200, 200, 200, 200, 200, 200, 200, 200, 200, 200, 200, 200, 200, 200, 200, 200, 200, 200, 200, 200, 200, 200, 200, 200, 200, 200, 200, 200, 200, 200, 200, 200, 200, 200, 200, 200, 200]

Uploading batch 121 / 224  (50 files)...
  Done — responses: [200, 200, 200, 200, 200, 200, 200, 200, 200, 200, 200, 200, 200, 200, 200, 200, 200, 200, 200, 200, 200, 200, 200, 200, 200, 200, 200, 200, 200, 200, 200, 200, 200, 200, 200, 200, 200, 200, 200, 200, 200, 200, 200, 200, 200, 200, 200, 200, 200, 200]

Uploading batch 122 / 224  (50 files)...
  Done — responses: [200, 200, 200, 200, 200, 200, 200, 200, 200, 200, 200, 200, 200, 200, 200, 200, 200, 200, 200, 200, 200, 200, 200, 200, 200, 200, 200, 200, 200, 200, 200, 200, 200, 200, 200, 200, 200, 200, 200, 200, 200, 200, 200, 200, 200, 200, 200, 200, 200, 200]

Uploading batch 123 / 224  (50 files)...
  Done — responses: [200, 200, 200, 200, 200, 200, 200, 200, 200, 200, 200, 200, 200, 200, 200, 200, 200, 200, 200, 200, 200, 200, 200, 200, 200, 200, 200, 200, 200, 200, 200, 200, 200, 200, 200, 200, 200, 200, 200, 200, 200, 200, 200, 200, 200, 200, 200, 200, 200, 200]

Uploading batch 124 / 224  (50 files)...
  Done — responses: [200, 200, 200, 200, 200, 200, 200, 200, 200, 200, 200, 200, 200, 200, 200, 200, 200, 200, 200, 200, 200, 200, 200, 200, 200, 200, 200, 200, 200, 200, 200, 200, 200, 200, 200, 200, 200, 200, 200, 200, 200, 200, 200, 200, 200, 200, 200, 200, 200, 200]

Uploading batch 125 / 224  (50 files)...
  Done — responses: [200, 200, 200, 200, 200, 200, 200, 200, 200, 200, 200, 200, 200, 200, 200, 200, 200, 200, 200, 200, 200, 200, 200, 200, 200, 200, 200, 200, 200, 200, 200, 200, 200, 200, 200, 200, 200, 200, 200, 200, 200, 200, 200, 200, 200, 200, 200, 200, 200, 200]

Uploading batch 126 / 224  (50 files)...
  Done — responses: [200, 200, 200, 200, 200, 200, 200, 200, 200, 200, 200, 200, 200, 200, 200, 200, 200, 200, 200, 200, 200, 200, 200, 200, 200, 200, 200, 200, 200, 200, 200, 200, 200, 200, 200, 200, 200, 200, 200, 200, 200, 200, 200, 200, 200, 200, 200, 200, 200, 200]

Uploading batch 127 / 224  (50 files)...
  Done — responses: [200, 200, 200, 200, 200, 200, 200, 200, 200, 200, 200, 200, 200, 200, 200, 200, 200, 200, 200, 200, 200, 200, 200, 200, 200, 200, 200, 200, 200, 200, 200, 200, 200, 200, 200, 200, 200, 200, 200, 200, 200, 200, 200, 200, 200, 200, 200, 200, 200, 200]

Uploading batch 128 / 224  (50 files)...
  Done — responses: [200, 200, 200, 200, 200, 200, 200, 200, 200, 200, 200, 200, 200, 200, 200, 200, 200, 200, 200, 200, 200, 200, 200, 200, 200, 200, 200, 200, 200, 200, 200, 200, 200, 200, 200, 200, 200, 200, 200, 200, 200, 200, 200, 200, 200, 200, 200, 200, 200, 200]

Uploading batch 129 / 224  (50 files)...
  Done — responses: [200, 200, 200, 200, 200, 200, 200, 200, 200, 200, 200, 200, 200, 200, 200, 200, 200, 200, 200, 200, 200, 200, 200, 200, 200, 200, 200, 200, 200, 200, 200, 200, 200, 200, 200, 200, 200, 200, 200, 200, 200, 200, 200, 200, 200, 200, 200, 200, 200, 200]

Uploading batch 130 / 224  (50 files)...
  Done — responses: [200, 200, 200, 200, 200, 200, 200, 200, 200, 200, 200, 200, 200, 200, 200, 200, 200, 200, 200, 200, 200, 200, 200, 200, 200, 200, 200, 200, 200, 200, 200, 200, 200, 200, 200, 200, 200, 200, 200, 200, 200, 200, 200, 200, 200, 200, 200, 200, 200, 200]

Uploading batch 131 / 224  (50 files)...
  Done — responses: [200, 200, 200, 200, 200, 200, 200, 200, 200, 200, 200, 200, 200, 200, 200, 200, 200, 200, 200, 200, 200, 200, 200, 200, 200, 200, 200, 200, 200, 200, 200, 200, 200, 200, 200, 200, 200, 200, 200, 200, 200, 200, 200, 200, 200, 200, 200, 200, 200, 200]

Uploading batch 132 / 224  (50 files)...
  Done — responses: [200, 200, 200, 200, 200, 200, 200, 200, 200, 200, 200, 200, 200, 200, 200, 200, 200, 200, 200, 200, 200, 200, 200, 200, 200, 200, 200, 200, 200, 200, 200, 200, 200, 200, 200, 200, 200, 200, 200, 200, 200, 200, 200, 200, 200, 200, 200, 200, 200, 200]

Uploading batch 133 / 224  (50 files)...
  Done — responses: [200, 200, 200, 200, 200, 200, 200, 200, 200, 200, 200, 200, 200, 200, 200, 200, 200, 200, 200, 200, 200, 200, 200, 200, 200, 200, 200, 200, 200, 200, 200, 200, 200, 200, 200, 200, 200, 200, 200, 200, 200, 200, 200, 200, 200, 200, 200, 200, 200, 200]

Uploading batch 134 / 224  (50 files)...
  Done — responses: [200, 200, 200, 200, 200, 200, 200, 200, 200, 200, 200, 200, 200, 200, 200, 200, 200, 200, 200, 200, 200, 200, 200, 200, 200, 200, 200, 200, 200, 200, 200, 200, 200, 200, 200, 200, 200, 200, 200, 200, 200, 200, 200, 200, 200, 200, 200, 200, 200, 200]

Uploading batch 135 / 224  (50 files)...
  Done — responses: [200, 200, 200, 200, 200, 200, 200, 200, 200, 200, 200, 200, 200, 200, 200, 200, 200, 200, 200, 200, 200, 200, 200, 200, 200, 200, 200, 200, 200, 200, 200, 200, 200, 200, 200, 200, 200, 200, 200, 200, 200, 200, 200, 200, 200, 200, 200, 200, 200, 200]

Uploading batch 136 / 224  (50 files)...
  Done — responses: [200, 200, 200, 200, 200, 200, 200, 200, 200, 200, 200, 200, 200, 200, 200, 200, 200, 200, 200, 200, 200, 200, 200, 200, 200, 200, 200, 200, 200, 200, 200, 200, 200, 200, 200, 200, 200, 200, 200, 200, 200, 200, 200, 200, 200, 200, 200, 200, 200, 200]

Uploading batch 137 / 224  (50 files)...
  Done — responses: [200, 200, 200, 200, 200, 200, 200, 200, 200, 200, 200, 200, 200, 200, 200, 200, 200, 200, 200, 200, 200, 200, 200, 200, 200, 200, 200, 200, 200, 200, 200, 200, 200, 200, 200, 200, 200, 200, 200, 200, 200, 200, 200, 200, 200, 200, 200, 200, 200, 200]

Uploading batch 138 / 224  (50 files)...
  Done — responses: [200, 200, 200, 200, 200, 200, 200, 200, 200, 200, 200, 200, 200, 200, 200, 200, 200, 200, 200, 200, 200, 200, 200, 200, 200, 200, 200, 200, 200, 200, 200, 200, 200, 200, 200, 200, 200, 200, 200, 200, 200, 200, 200, 200, 200, 200, 200, 200, 200, 200]

Uploading batch 139 / 224  (50 files)...
  Done — responses: [200, 200, 200, 200, 200, 200, 200, 200, 200, 200, 200, 200, 200, 200, 200, 200, 200, 200, 200, 200, 200, 200, 200, 200, 200, 200, 200, 200, 200, 200, 200, 200, 200, 200, 200, 200, 200, 200, 200, 200, 200, 200, 200, 200, 200, 200, 200, 200, 200, 200]

Uploading batch 140 / 224  (50 files)...
  Done — responses: [200, 200, 200, 200, 200, 200, 200, 200, 200, 200, 200, 200, 200, 200, 200, 200, 200, 200, 200, 200, 200, 200, 200, 200, 200, 200, 200, 200, 200, 200, 200, 200, 200, 200, 200, 200, 200, 200, 200, 200, 200, 200, 200, 200, 200, 200, 200, 200, 200, 200]

Uploading batch 141 / 224  (50 files)...
  Done — responses: [200, 200, 200, 200, 200, 200, 200, 200, 200, 200, 200, 200, 200, 200, 200, 200, 200, 200, 200, 200, 200, 200, 200, 200, 200, 200, 200, 200, 200, 200, 200, 200, 200, 200, 200, 200, 200, 200, 200, 200, 200, 200, 200, 200, 200, 200, 200, 200, 200, 200]

Uploading batch 142 / 224  (50 files)...
  Done — responses: [200, 200, 200, 200, 200, 200, 200, 200, 200, 200, 200, 200, 200, 200, 200, 200, 200, 200, 200, 200, 200, 200, 200, 200, 200, 200, 200, 200, 200, 200, 200, 200, 200, 200, 200, 200, 200, 200, 200, 200, 200, 200, 200, 200, 200, 200, 200, 200, 200, 200]

Uploading batch 143 / 224  (50 files)...
  Done — responses: [200, 200, 200, 200, 200, 200, 200, 200, 200, 200, 200, 200, 200, 200, 200, 200, 200, 200, 200, 200, 200, 200, 200, 200, 200, 200, 200, 200, 200, 200, 200, 200, 200, 200, 200, 200, 200, 200, 200, 200, 200, 200, 200, 200, 200, 200, 200, 200, 200, 200]

Uploading batch 144 / 224  (50 files)...
  Done — responses: [200, 200, 200, 200, 200, 200, 200, 200, 200, 200, 200, 200, 200, 200, 200, 200, 200, 200, 200, 200, 200, 200, 200, 200, 200, 200, 200, 200, 200, 200, 200, 200, 200, 200, 200, 200, 200, 200, 200, 200, 200, 200, 200, 200, 200, 200, 200, 200, 200, 200]

Uploading batch 145 / 224  (50 files)...
  Done — responses: [200, 200, 200, 200, 200, 200, 200, 200, 200, 200, 200, 200, 200, 200, 200, 200, 200, 200, 200, 200, 200, 200, 200, 200, 200, 200, 200, 200, 200, 200, 200, 200, 200, 200, 200, 200, 200, 200, 200, 200, 200, 200, 200, 200, 200, 200, 200, 200, 200, 200]

Uploading batch 146 / 224  (50 files)...
  Done — responses: [200, 200, 200, 200, 200, 200, 200, 200, 200, 200, 200, 200, 200, 200, 200, 200, 200, 200, 200, 200, 200, 200, 200, 200, 200, 200, 200, 200, 200, 200, 200, 200, 200, 200, 200, 200, 200, 200, 200, 200, 200, 200, 200, 200, 200, 200, 200, 200, 200, 200]

Uploading batch 147 / 224  (50 files)...
  Done — responses: [200, 200, 200, 200, 200, 200, 200, 200, 200, 200, 200, 200, 200, 200, 200, 200, 200, 200, 200, 200, 200, 200, 200, 200, 200, 200, 200, 200, 200, 200, 200, 200, 200, 200, 200, 200, 200, 200, 200, 200, 200, 200, 200, 200, 200, 200, 200, 200, 200, 200]

Uploading batch 148 / 224  (50 files)...
  Done — responses: [200, 200, 200, 200, 200, 200, 200, 200, 200, 200, 200, 200, 200, 200, 200, 200, 200, 200, 200, 200, 200, 200, 200, 200, 200, 200, 200, 200, 200, 200, 200, 200, 200, 200, 200, 200, 200, 200, 200, 200, 200, 200, 200, 200, 200, 200, 200, 200, 200, 200]

Uploading batch 149 / 224  (50 files)...
  Done — responses: [200, 200, 200, 200, 200, 200, 200, 200, 200, 200, 200, 200, 200, 200, 200, 200, 200, 200, 200, 200, 200, 200, 200, 200, 200, 200, 200, 200, 200, 200, 200, 200, 200, 200, 200, 200, 200, 200, 200, 200, 200, 200, 200, 200, 200, 200, 200, 200, 200, 200]

Uploading batch 150 / 224  (50 files)...
  Done — responses: [200, 200, 200, 200, 200, 200, 200, 200, 200, 200, 200, 200, 200, 200, 200, 200, 200, 200, 200, 200, 200, 200, 200, 200, 200, 200, 200, 200, 200, 200, 200, 200, 200, 200, 200, 200, 200, 200, 200, 200, 200, 200, 200, 200, 200, 200, 200, 200, 200, 200]

Uploading batch 151 / 224  (50 files)...
  Done — responses: [200, 200, 200, 200, 200, 200, 200, 200, 200, 200, 200, 200, 200, 200, 200, 200, 200, 200, 200, 200, 200, 200, 200, 200, 200, 200, 200, 200, 200, 200, 200, 200, 200, 200, 200, 200, 200, 200, 200, 200, 200, 200, 200, 200, 200, 200, 200, 200, 200, 200]

Uploading batch 152 / 224  (50 files)...
  Done — responses: [200, 200, 200, 200, 200, 200, 200, 200, 200, 200, 200, 200, 200, 200, 200, 200, 200, 200, 200, 200, 200, 200, 200, 200, 200, 200, 200, 200, 200, 200, 200, 200, 200, 200, 200, 200, 200, 200, 200, 200, 200, 200, 200, 200, 200, 200, 200, 200, 200, 200]

Uploading batch 153 / 224  (50 files)...
  Done — responses: [200, 200, 200, 200, 200, 200, 200, 200, 200, 200, 200, 200, 200, 200, 200, 200, 200, 200, 200, 200, 200, 200, 200, 200, 200, 200, 200, 200, 200, 200, 200, 200, 200, 200, 200, 200, 200, 200, 200, 200, 200, 200, 200, 200, 200, 200, 200, 200, 200, 200]

Uploading batch 154 / 224  (50 files)...
  Done — responses: [200, 200, 200, 200, 200, 200, 200, 200, 200, 200, 200, 200, 200, 200, 200, 200, 200, 200, 200, 200, 200, 200, 200, 200, 200, 200, 200, 200, 200, 200, 200, 200, 200, 200, 200, 200, 200, 200, 200, 200, 200, 200, 200, 200, 200, 200, 200, 200, 200, 200]

Uploading batch 155 / 224  (50 files)...
  Error in batch:  error uploading 9702_w11_ms_43.pdf to student-archive-igcse-pastpapers, Please reduce your request rate. - accesskey_tasks_queued exceeds rationed amount
  Continuing with next batch...

Uploading batch 156 / 224  (50 files)...
  Done — responses: [200, 200, 200, 200, 200, 200, 200, 200, 200, 200, 200, 200, 200, 200, 200, 200, 200, 200, 200, 200, 200, 200, 200, 200, 200, 200, 200, 200, 200, 200, 200, 200, 200, 200, 200, 200, 200, 200, 200, 200, 200, 200, 200, 200, 200, 200, 200, 200, 200, 200]

Uploading batch 157 / 224  (50 files)...
  Error in batch:  error uploading 9702_w15_ms_52.pdf to student-archive-igcse-pastpapers, Please reduce your request rate. - accesskey_tasks_queued exceeds rationed amount
  Continuing with next batch...

Uploading batch 158 / 224  (50 files)...
  Error in batch:  error uploading 9702_w16_qp_43.pdf to student-archive-igcse-pastpapers, Please reduce your request rate. - accesskey_tasks_queued exceeds rationed amount
  Continuing with next batch...

Uploading batch 159 / 224  (50 files)...
  Error in batch:  error uploading 9702_w18_qp_41.pdf to student-archive-igcse-pastpapers, Please reduce your request rate. - accesskey_tasks_queued exceeds rationed amount
  Continuing with next batch...

Uploading batch 160 / 224  (50 files)...
  Error in batch:  error uploading 9702_w20_qp_51.pdf to student-archive-igcse-pastpapers, Please reduce your request rate. - accesskey_tasks_queued exceeds rationed amount
  Continuing with next batch...

Uploading batch 161 / 224  (50 files)...
  Error in batch:  error uploading 9702_w22_qp_13.pdf to student-archive-igcse-pastpapers, Please reduce your request rate. - accesskey_tasks_queued exceeds rationed amount
  Continuing with next batch...

Uploading batch 162 / 224  (50 files)...
  Error in batch:  error uploading 9702_w24_qp_12.pdf to student-archive-igcse-pastpapers, Please reduce your request rate. - accesskey_tasks_queued exceeds rationed amount
  Continuing with next batch...

Uploading batch 163 / 224  (50 files)...
  Error in batch:  error uploading 9706_m18_gt.pdf to student-archive-igcse-pastpapers, Please reduce your request rate. - accesskey_tasks_queued exceeds rationed amount
  Continuing with next batch...

Uploading batch 164 / 224  (50 files)...
  Error in batch:  error uploading 9706_m24_ms_12.pdf to student-archive-igcse-pastpapers, Please reduce your request rate. - accesskey_tasks_queued exceeds rationed amount
  Continuing with next batch...

Uploading batch 165 / 224  (50 files)...
  Error in batch:  error uploading 9706_s11_qp_32.pdf to student-archive-igcse-pastpapers, Please reduce your request rate. - accesskey_tasks_queued exceeds rationed amount
  Continuing with next batch...

Uploading batch 166 / 224  (50 files)...
  Error in batch:  error uploading 9706_s14_qp_11.pdf to student-archive-igcse-pastpapers, Please reduce your request rate. - accesskey_tasks_queued exceeds rationed amount
  Continuing with next batch...

Uploading batch 167 / 224  (50 files)...
  Error in batch:  error uploading 9706_s17_ms_13.pdf to student-archive-igcse-pastpapers, Please reduce your request rate. - accesskey_tasks_queued exceeds rationed amount
  Continuing with next batch...

Uploading batch 168 / 224  (50 files)...
  Error in batch:  error uploading 9706_s19_qp_21.pdf to student-archive-igcse-pastpapers, Please reduce your request rate. - accesskey_tasks_queued exceeds rationed amount
  Continuing with next batch...

Uploading batch 169 / 224  (50 files)...
  Error in batch:  error uploading 9706_s22_ms_22.pdf to student-archive-igcse-pastpapers, Please reduce your request rate. - accesskey_tasks_queued exceeds rationed amount
  Continuing with next batch...

Uploading batch 170 / 224  (50 files)...
  Error in batch:  error uploading 9706_s24_qp_31.pdf to student-archive-igcse-pastpapers, Please reduce your request rate. - accesskey_tasks_queued exceeds rationed amount
  Continuing with next batch...

Uploading batch 171 / 224  (50 files)...
  Error in batch:  error uploading 9706_w11_ms_31.pdf to student-archive-igcse-pastpapers, Please reduce your request rate. - accesskey_tasks_queued exceeds rationed amount
  Continuing with next batch...

Uploading batch 172 / 224  (50 files)...
  Error in batch:  error uploading 9706_w13_qp_32.pdf to student-archive-igcse-pastpapers, Please reduce your request rate. - accesskey_tasks_queued exceeds rationed amount
  Continuing with next batch...

Uploading batch 173 / 224  (50 files)...
  Error in batch:  error uploading 9706_w16_ms_31.pdf to student-archive-igcse-pastpapers, Please reduce your request rate. - accesskey_tasks_queued exceeds rationed amount
  Continuing with next batch...

Uploading batch 174 / 224  (50 files)...
  Error in batch:  error uploading 9706_w18_qp_33.pdf to student-archive-igcse-pastpapers, Please reduce your request rate. - accesskey_tasks_queued exceeds rationed amount
  Continuing with next batch...

Uploading batch 175 / 224  (50 files)...
  Done — responses: [200, 200, 200, 200, 200, 200, 200, 200, 200, 200, 200, 200, 200, 200, 200, 200, 200, 200, 200, 200, 200, 200, 200, 200, 200, 200, 200, 200, 200, 200, 200, 200, 200, 200, 200, 200, 200, 200, 200, 200, 200, 200, 200, 200, 200, 200, 200, 200, 200, 200]

Uploading batch 176 / 224  (50 files)...
  Done — responses: [200, 200, 200, 200, 200, 200, 200, 200, 200, 200, 200, 200, 200, 200, 200, 200, 200, 200, 200, 200, 200, 200, 200, 200, 200, 200, 200, 200, 200, 200, 200, 200, 200, 200, 200, 200, 200, 200, 200, 200, 200, 200, 200, 200, 200, 200, 200, 200, 200, 200]

Uploading batch 177 / 224  (50 files)...
  Done — responses: [200, 200, 200, 200, 200, 200, 200, 200, 200, 200, 200, 200, 200, 200, 200, 200, 200, 200, 200, 200, 200, 200, 200, 200, 200, 200, 200, 200, 200, 200, 200, 200, 200, 200, 200, 200, 200, 200, 200, 200, 200, 200, 200, 200, 200, 200, 200, 200, 200, 200]

Uploading batch 178 / 224  (50 files)...
  Done — responses: [200, 200, 200, 200, 200, 200, 200, 200, 200, 200, 200, 200, 200, 200, 200, 200, 200, 200, 200, 200, 200, 200, 200, 200, 200, 200, 200, 200, 200, 200, 200, 200, 200, 200, 200, 200, 200, 200, 200, 200, 200, 200, 200, 200, 200, 200, 200, 200, 200, 200]

Uploading batch 179 / 224  (50 files)...
  Done — responses: [200, 200, 200, 200, 200, 200, 200, 200, 200, 200, 200, 200, 200, 200, 200, 200, 200, 200, 200, 200, 200, 200, 200, 200, 200, 200, 200, 200, 200, 200, 200, 200, 200, 200, 200, 200, 200, 200, 200, 200, 200, 200, 200, 200, 200, 200, 200, 200, 200, 200]

Uploading batch 180 / 224  (50 files)...
  Done — responses: [200, 200, 200, 200, 200, 200, 200, 200, 200, 200, 200, 200, 200, 200, 200, 200, 200, 200, 200, 200, 200, 200, 200, 200, 200, 200, 200, 200, 200, 200, 200, 200, 200, 200, 200, 200, 200, 200, 200, 200, 200, 200, 200, 200, 200, 200, 200, 200, 200, 200]

Uploading batch 181 / 224  (50 files)...
  Done — responses: [200, 200, 200, 200, 200, 200, 200, 200, 200, 200, 200, 200, 200, 200, 200, 200, 200, 200, 200, 200, 200, 200, 200, 200, 200, 200, 200, 200, 200, 200, 200, 200, 200, 200, 200, 200, 200, 200, 200, 200, 200, 200, 200, 200, 200, 200, 200, 200, 200, 200]

Uploading batch 182 / 224  (50 files)...
  Done — responses: [200, 200, 200, 200, 200, 200, 200, 200, 200, 200, 200, 200, 200, 200, 200, 200, 200, 200, 200, 200, 200, 200, 200, 200, 200, 200, 200, 200, 200, 200, 200, 200, 200, 200, 200, 200, 200, 200, 200, 200, 200, 200, 200, 200, 200, 200, 200, 200, 200, 200]

Uploading batch 183 / 224  (50 files)...
  Done — responses: [200, 200, 200, 200, 200, 200, 200, 200, 200, 200, 200, 200, 200, 200, 200, 200, 200, 200, 200, 200, 200, 200, 200, 200, 200, 200, 200, 200, 200, 200, 200, 200, 200, 200, 200, 200, 200, 200, 200, 200, 200, 200, 200, 200, 200, 200, 200, 200, 200, 200]

Uploading batch 184 / 224  (50 files)...
  Done — responses: [200, 200, 200, 200, 200, 200, 200, 200, 200, 200, 200, 200, 200, 200, 200, 200, 200, 200, 200, 200, 200, 200, 200, 200, 200, 200, 200, 200, 200, 200, 200, 200, 200, 200, 200, 200, 200, 200, 200, 200, 200, 200, 200, 200, 200, 200, 200, 200, 200, 200]

Uploading batch 185 / 224  (50 files)...
  Done — responses: [200, 200, 200, 200, 200, 200, 200, 200, 200, 200, 200, 200, 200, 200, 200, 200, 200, 200, 200, 200, 200, 200, 200, 200, 200, 200, 200, 200, 200, 200, 200, 200, 200, 200, 200, 200, 200, 200, 200, 200, 200, 200, 200, 200, 200, 200, 200, 200, 200, 200]

Uploading batch 186 / 224  (50 files)...
  Done — responses: [200, 200, 200, 200, 200, 200, 200, 200, 200, 200, 200, 200, 200, 200, 200, 200, 200, 200, 200, 200, 200, 200, 200, 200, 200, 200, 200, 200, 200, 200, 200, 200, 200, 200, 200, 200, 200, 200, 200, 200, 200, 200, 200, 200, 200, 200, 200, 200, 200, 200]

Uploading batch 187 / 224  (50 files)...
  Done — responses: [200, 200, 200, 200, 200, 200, 200, 200, 200, 200, 200, 200, 200, 200, 200, 200, 200, 200, 200, 200, 200, 200, 200, 200, 200, 200, 200, 200, 200, 200, 200, 200, 200, 200, 200, 200, 200, 200, 200, 200, 200, 200, 200, 200, 200, 200, 200, 200, 200, 200]

Uploading batch 188 / 224  (50 files)...
  Done — responses: [200, 200, 200, 200, 200, 200, 200, 200, 200, 200, 200, 200, 200, 200, 200, 200, 200, 200, 200, 200, 200, 200, 200, 200, 200, 200, 200, 200, 200, 200, 200, 200, 200, 200, 200, 200, 200, 200, 200, 200, 200, 200, 200, 200, 200, 200, 200, 200, 200, 200]

Uploading batch 189 / 224  (50 files)...
  Done — responses: [200, 200, 200, 200, 200, 200, 200, 200, 200, 200, 200, 200, 200, 200, 200, 200, 200, 200, 200, 200, 200, 200, 200, 200, 200, 200, 200, 200, 200, 200, 200, 200, 200, 200, 200, 200, 200, 200, 200, 200, 200, 200, 200, 200, 200, 200, 200, 200, 200, 200]

Uploading batch 190 / 224  (50 files)...
  Error in batch:  error uploading 9708_w16_qp_13.pdf to student-archive-igcse-pastpapers, Please reduce your request rate. - bucket_tasks_queued exceeds bucket_limit amount
  Continuing with next batch...

Uploading batch 191 / 224  (50 files)...
  Error in batch:  error uploading 9708_w18_ms_11.pdf to student-archive-igcse-pastpapers, Please reduce your request rate. - bucket_tasks_queued exceeds bucket_limit amount
  Continuing with next batch...

Uploading batch 192 / 224  (50 files)...
  Done — responses: [200, 200, 200, 200, 200, 200, 200, 200, 200, 200, 200, 200, 200, 200, 200, 200, 200, 200, 200, 200, 200, 200, 200, 200, 200, 200, 200, 200, 200, 200, 200, 200, 200, 200, 200, 200, 200, 200, 200, 200, 200, 200, 200, 200, 200, 200, 200, 200, 200, 200]

Uploading batch 193 / 224  (50 files)...
  Done — responses: [200, 200, 200, 200, 200, 200, 200, 200, 200, 200, 200, 200, 200, 200, 200, 200, 200, 200, 200, 200, 200, 200, 200, 200, 200, 200, 200, 200, 200, 200, 200, 200, 200, 200, 200, 200, 200, 200, 200, 200, 200, 200, 200, 200, 200, 200, 200, 200, 200, 200]

Uploading batch 194 / 224  (50 files)...
  Done — responses: [200, 200, 200, 200, 200, 200, 200, 200, 200, 200, 200, 200, 200, 200, 200, 200, 200, 200, 200, 200, 200, 200, 200, 200, 200, 200, 200, 200, 200, 200, 200, 200, 200, 200, 200, 200, 200, 200, 200, 200, 200, 200, 200, 200, 200, 200, 200, 200, 200, 200]

Uploading batch 195 / 224  (50 files)...
  Done — responses: [200, 200, 200, 200, 200, 200, 200, 200, 200, 200, 200, 200, 200, 200, 200, 200, 200, 200, 200, 200, 200, 200, 200, 200, 200, 200, 200, 200, 200, 200, 200, 200, 200, 200, 200, 200, 200, 200, 200, 200, 200, 200, 200, 200, 200, 200, 200, 200, 200, 200]

Uploading batch 196 / 224  (50 files)...
  Done — responses: [200, 200, 200, 200, 200, 200, 200, 200, 200, 200, 200, 200, 200, 200, 200, 200, 200, 200, 200, 200, 200, 200, 200, 200, 200, 200, 200, 200, 200, 200, 200, 200, 200, 200, 200, 200, 200, 200, 200, 200, 200, 200, 200, 200, 200, 200, 200, 200, 200, 200]

Uploading batch 197 / 224  (50 files)...
  Done — responses: [200, 200, 200, 200, 200, 200, 200, 200, 200, 200, 200, 200, 200, 200, 200, 200, 200, 200, 200, 200, 200, 200, 200, 200, 200, 200, 200, 200, 200, 200, 200, 200, 200, 200, 200, 200, 200, 200, 200, 200, 200, 200, 200, 200, 200, 200, 200, 200, 200, 200]

Uploading batch 198 / 224  (50 files)...
  Done — responses: [200, 200, 200, 200, 200, 200, 200, 200, 200, 200, 200, 200, 200, 200, 200, 200, 200, 200, 200, 200, 200, 200, 200, 200, 200, 200, 200, 200, 200, 200, 200, 200, 200, 200, 200, 200, 200, 200, 200, 200, 200, 200, 200, 200, 200, 200, 200, 200, 200, 200]

Uploading batch 199 / 224  (50 files)...
  Done — responses: [200, 200, 200, 200, 200, 200, 200, 200, 200, 200, 200, 200, 200, 200, 200, 200, 200, 200, 200, 200, 200, 200, 200, 200, 200, 200, 200, 200, 200, 200, 200, 200, 200, 200, 200, 200, 200, 200, 200, 200, 200, 200, 200, 200, 200, 200, 200, 200, 200, 200]

Uploading batch 200 / 224  (50 files)...
  Done — responses: [200, 200, 200, 200, 200, 200, 200, 200, 200, 200, 200, 200, 200, 200, 200, 200, 200, 200, 200, 200, 200, 200, 200, 200, 200, 200, 200, 200, 200, 200, 200, 200, 200, 200, 200, 200, 200, 200, 200, 200, 200, 200, 200, 200, 200, 200, 200, 200, 200, 200]

Uploading batch 201 / 224  (50 files)...
  Done — responses: [200, 200, 200, 200, 200, 200, 200, 200, 200, 200, 200, 200, 200, 200, 200, 200, 200, 200, 200, 200, 200, 200, 200, 200, 200, 200, 200, 200, 200, 200, 200, 200, 200, 200, 200, 200, 200, 200, 200, 200, 200, 200, 200, 200, 200, 200, 200, 200, 200, 200]

Uploading batch 202 / 224  (50 files)...
  Done — responses: [200, 200, 200, 200, 200, 200, 200, 200, 200, 200, 200, 200, 200, 200, 200, 200, 200, 200, 200, 200, 200, 200, 200, 200, 200, 200, 200, 200, 200, 200, 200, 200, 200, 200, 200, 200, 200, 200, 200, 200, 200, 200, 200, 200, 200, 200, 200, 200, 200, 200]

Uploading batch 203 / 224  (50 files)...
  Done — responses: [200, 200, 200, 200, 200, 200, 200, 200, 200, 200, 200, 200, 200, 200, 200, 200, 200, 200, 200, 200, 200, 200, 200, 200, 200, 200, 200, 200, 200, 200, 200, 200, 200, 200, 200, 200, 200, 200, 200, 200, 200, 200, 200, 200, 200, 200, 200, 200, 200, 200]

Uploading batch 204 / 224  (50 files)...
  Done — responses: [200, 200, 200, 200, 200, 200, 200, 200, 200, 200, 200, 200, 200, 200, 200, 200, 200, 200, 200, 200, 200, 200, 200, 200, 200, 200, 200, 200, 200, 200, 200, 200, 200, 200, 200, 200, 200, 200, 200, 200, 200, 200, 200, 200, 200, 200, 200, 200, 200, 200]

Uploading batch 205 / 224  (50 files)...
  Done — responses: [200, 200, 200, 200, 200, 200, 200, 200, 200, 200, 200, 200, 200, 200, 200, 200, 200, 200, 200, 200, 200, 200, 200, 200, 200, 200, 200, 200, 200, 200, 200, 200, 200, 200, 200, 200, 200, 200, 200, 200, 200, 200, 200, 200, 200, 200, 200, 200, 200, 200]

Uploading batch 206 / 224  (50 files)...
  Done — responses: [200, 200, 200, 200, 200, 200, 200, 200, 200, 200, 200, 200, 200, 200, 200, 200, 200, 200, 200, 200, 200, 200, 200, 200, 200, 200, 200, 200, 200, 200, 200, 200, 200, 200, 200, 200, 200, 200, 200, 200, 200, 200, 200, 200, 200, 200, 200, 200, 200, 200]

Uploading batch 207 / 224  (50 files)...
  Done — responses: [200, 200, 200, 200, 200, 200, 200, 200, 200, 200, 200, 200, 200, 200, 200, 200, 200, 200, 200, 200, 200, 200, 200, 200, 200, 200, 200, 200, 200, 200, 200, 200, 200, 200, 200, 200, 200, 200, 200, 200, 200, 200, 200, 200, 200, 200, 200, 200, 200, 200]

Uploading batch 208 / 224  (50 files)...
  Done — responses: [200, 200, 200, 200, 200, 200, 200, 200, 200, 200, 200, 200, 200, 200, 200, 200, 200, 200, 200, 200, 200, 200, 200, 200, 200, 200, 200, 200, 200, 200, 200, 200, 200, 200, 200, 200, 200, 200, 200, 200, 200, 200, 200, 200, 200, 200, 200, 200, 200, 200]

Uploading batch 209 / 224  (50 files)...
  Done — responses: [200, 200, 200, 200, 200, 200, 200, 200, 200, 200, 200, 200, 200, 200, 200, 200, 200, 200, 200, 200, 200, 200, 200, 200, 200, 200, 200, 200, 200, 200, 200, 200, 200, 200, 200, 200, 200, 200, 200, 200, 200, 200, 200, 200, 200, 200, 200, 200, 200, 200]

Uploading batch 210 / 224  (50 files)...
  Done — responses: [200, 200, 200, 200, 200, 200, 200, 200, 200, 200, 200, 200, 200, 200, 200, 200, 200, 200, 200, 200, 200, 200, 200, 200, 200, 200, 200, 200, 200, 200, 200, 200, 200, 200, 200, 200, 200, 200, 200, 200, 200, 200, 200, 200, 200, 200, 200, 200, 200, 200]

Uploading batch 211 / 224  (50 files)...
  Done — responses: [200, 200, 200, 200, 200, 200, 200, 200, 200, 200, 200, 200, 200, 200, 200, 200, 200, 200, 200, 200, 200, 200, 200, 200, 200, 200, 200, 200, 200, 200, 200, 200, 200, 200, 200, 200, 200, 200, 200, 200, 200, 200, 200, 200, 200, 200, 200, 200, 200, 200]

Uploading batch 212 / 224  (50 files)...
  Done — responses: [200, 200, 200, 200, 200, 200, 200, 200, 200, 200, 200, 200, 200, 200, 200, 200, 200, 200, 200, 200, 200, 200, 200, 200, 200, 200, 200, 200, 200, 200, 200, 200, 200, 200, 200, 200, 200, 200, 200, 200, 200, 200, 200, 200, 200, 200, 200, 200, 200, 200]

Uploading batch 213 / 224  (50 files)...
  Done — responses: [200, 200, 200, 200, 200, 200, 200, 200, 200, 200, 200, 200, 200, 200, 200, 200, 200, 200, 200, 200, 200, 200, 200, 200, 200, 200, 200, 200, 200, 200, 200, 200, 200, 200, 200, 200, 200, 200, 200, 200, 200, 200, 200, 200, 200, 200, 200, 200, 200, 200]

Uploading batch 214 / 224  (50 files)...
  Done — responses: [200, 200, 200, 200, 200, 200, 200, 200, 200, 200, 200, 200, 200, 200, 200, 200, 200, 200, 200, 200, 200, 200, 200, 200, 200, 200, 200, 200, 200, 200, 200, 200, 200, 200, 200, 200, 200, 200, 200, 200, 200, 200, 200, 200, 200, 200, 200, 200, 200, 200]

Uploading batch 215 / 224  (50 files)...
  Done — responses: [200, 200, 200, 200, 200, 200, 200, 200, 200, 200, 200, 200, 200, 200, 200, 200, 200, 200, 200, 200, 200, 200, 200, 200, 200, 200, 200, 200, 200, 200, 200, 200, 200, 200, 200, 200, 200, 200, 200, 200, 200, 200, 200, 200, 200, 200, 200, 200, 200, 200]

Uploading batch 216 / 224  (50 files)...
  Done — responses: [200, 200, 200, 200, 200, 200, 200, 200, 200, 200, 200, 200, 200, 200, 200, 200, 200, 200, 200, 200, 200, 200, 200, 200, 200, 200, 200, 200, 200, 200, 200, 200, 200, 200, 200, 200, 200, 200, 200, 200, 200, 200, 200, 200, 200, 200, 200, 200, 200, 200]

Uploading batch 217 / 224  (50 files)...
  Done — responses: [200, 200, 200, 200, 200, 200, 200, 200, 200, 200, 200, 200, 200, 200, 200, 200, 200, 200, 200, 200, 200, 200, 200, 200, 200, 200, 200, 200, 200, 200, 200, 200, 200, 200, 200, 200, 200, 200, 200, 200, 200, 200, 200, 200, 200, 200, 200, 200, 200, 200]

Uploading batch 218 / 224  (50 files)...
  Done — responses: [200, 200, 200, 200, 200, 200, 200, 200, 200, 200, 200, 200, 200, 200, 200, 200, 200, 200, 200, 200, 200, 200, 200, 200, 200, 200, 200, 200, 200, 200, 200, 200, 200, 200, 200, 200, 200, 200, 200, 200, 200, 200, 200, 200, 200, 200, 200, 200, 200, 200]

Uploading batch 219 / 224  (50 files)...
  Done — responses: [200, 200, 200, 200, 200, 200, 200, 200, 200, 200, 200, 200, 200, 200, 200, 200, 200, 200, 200, 200, 200, 200, 200, 200, 200, 200, 200, 200, 200, 200, 200, 200, 200, 200, 200, 200, 200, 200, 200, 200, 200, 200, 200, 200, 200, 200, 200, 200, 200, 200]

Uploading batch 220 / 224  (50 files)...
  Done — responses: [200, 200, 200, 200, 200, 200, 200, 200, 200, 200, 200, 200, 200, 200, 200, 200, 200, 200, 200, 200, 200, 200, 200, 200, 200, 200, 200, 200, 200, 200, 200, 200, 200, 200, 200, 200, 200, 200, 200, 200, 200, 200, 200, 200, 200, 200, 200, 200, 200, 200]

Uploading batch 221 / 224  (50 files)...
  Done — responses: [200, 200, 200, 200, 200, 200, 200, 200, 200, 200, 200, 200, 200, 200, 200, 200, 200, 200, 200, 200, 200, 200, 200, 200, 200, 200, 200, 200, 200, 200, 200, 200, 200, 200, 200, 200, 200, 200, 200, 200, 200, 200, 200, 200, 200, 200, 200, 200, 200, 200]

Uploading batch 222 / 224  (50 files)...
  Done — responses: [200, 200, 200, 200, 200, 200, 200, 200, 200, 200, 200, 200, 200, 200, 200, 200, 200, 200, 200, 200, 200, 200, 200, 200, 200, 200, 200, 200, 200, 200, 200, 200, 200, 200, 200, 200, 200, 200, 200, 200, 200, 200, 200, 200, 200, 200, 200, 200, 200, 200]

Uploading batch 223 / 224  (50 files)...
  Done — responses: [200, 200, 200, 200, 200, 200, 200, 200, 200, 200, 200, 200, 200, 200, 200, 200, 200, 200, 200, 200, 200, 200, 200, 200, 200, 200, 200, 200, 200, 200, 200, 200, 200, 200, 200, 200, 200, 200, 200, 200, 200, 200, 200, 200, 200, 200, 200, 200, 200, 200]

Uploading batch 224 / 224  (25 files)...
  Done — responses: [200, 200, 200, 200, 200, 200, 200, 200, 200, 200, 200, 200, 200, 200, 200, 200, 200, 200, 200, 200, 200, 200, 200, 200, 200]
